#
# There is insufficient memory for the Java Runtime Environment to continue.
# Native memory allocation (malloc) failed to allocate 471344 bytes for Chunk::new
# Possible reasons:
#   The system is out of physical RAM or swap space
#   The process is running with CompressedOops enabled, and the Java Heap may be blocking the growth of the native heap
# Possible solutions:
#   Reduce memory load on the system
#   Increase physical memory or swap space
#   Check if swap backing store is full
#   Decrease Java heap size (-Xmx/-Xms)
#   Decrease number of Java threads
#   Decrease Java thread stack sizes (-Xss)
#   Set larger code cache with -XX:ReservedCodeCacheSize=
#   JVM is running with Zero Based Compressed Oops mode in which the Java heap is
#     placed in the first 32GB address space. The Java Heap base address is the
#     maximum limit for the native heap growth. Please use -XX:HeapBaseMinAddress
#     to set the Java Heap base and to place the Java Heap above 32GB virtual address.
# This output file may be truncated or incomplete.
#
#  Out of Memory Error (arena.cpp:168), pid=8516, tid=16412
#
# JRE version: Java(TM) SE Runtime Environment (21.0.7+8) (build 21.0.7+8-LTS-245)
# Java VM: Java HotSpot(TM) 64-Bit Server VM (21.0.7+8-LTS-245, mixed mode, sharing, tiered, compressed oops, compressed class ptrs, g1 gc, windows-amd64)
# No core dump will be written. Minidumps are not enabled by default on client versions of Windows
#

---------------  S U M M A R Y ------------

Command Line: -javaagent:S:\Program\IntelliJ IDEA 2025.2.3\lib\idea_rt.jar=63688 -Dfile.encoding=UTF-8 -Dsun.stdout.encoding=UTF-8 -Dsun.stderr.encoding=UTF-8 --module-path=C:\Users\lehas\.m2\repository\org\openjfx\javafx-fxml\21.0.6\javafx-fxml-21.0.6-win.jar;C:\Users\lehas\.m2\repository\org\openjfx\javafx-base\21.0.6\javafx-base-21.0.6-win.jar;C:\Users\lehas\IdeaProjects\haha\demo2\target\classes;C:\Users\lehas\.m2\repository\org\openjfx\javafx-controls\21.0.6\javafx-controls-21.0.6-win.jar;C:\Users\lehas\.m2\repository\org\openjfx\javafx-media\21.0.6\javafx-media-21.0.6-win.jar;C:\Users\lehas\.m2\repository\org\openjfx\javafx-graphics\21.0.6\javafx-graphics-21.0.6-win.jar -Djdk.module.main=org.example.demo2 org.example.demo2/org.example.demo2.GameView

Host: Intel(R) Core(TM) i5-10500H CPU @ 2.50GHz, 12 cores, 15G,  Windows 11 , 64 bit Build 26100 (10.0.26100.6725)
Time: Sun Nov  2 11:04:08 2025 SE Asia Standard Time elapsed time: 170.610757 seconds (0d 0h 2m 50s)

---------------  T H R E A D  ---------------

Current thread (0x0000018d503238e0):  JavaThread "C2 CompilerThread0" daemon [_thread_in_native, id=16412, stack(0x00000056a9d00000,0x00000056a9e00000) (1024K)]


Current CompileTask:
C2: 170611 8473       4       javafx.css.StyleableDoubleProperty::bind (13 bytes)

Stack: [0x00000056a9d00000,0x00000056a9e00000]
Native frames: (J=compiled Java code, j=interpreted, Vv=VM code, C=native code)
V  [jvm.dll+0x6cae19]
V  [jvm.dll+0x855741]
V  [jvm.dll+0x857c6e]
V  [jvm.dll+0x858343]
V  [jvm.dll+0x27e0b6]
V  [jvm.dll+0xc4ecd]
V  [jvm.dll+0xc5403]
V  [jvm.dll+0x3b578c]
V  [jvm.dll+0x381e25]
V  [jvm.dll+0x38129a]
V  [jvm.dll+0x246b30]
V  [jvm.dll+0x24610f]
V  [jvm.dll+0x1c6efe]
V  [jvm.dll+0x255819]
V  [jvm.dll+0x253daa]
V  [jvm.dll+0x3eebb6]
V  [jvm.dll+0x7ffa1b]
V  [jvm.dll+0x6c94fd]
C  [ucrtbase.dll+0x37b0]
C  [KERNEL32.DLL+0x2e8d7]
C  [ntdll.dll+0x8c53c]


---------------  P R O C E S S  ---------------

Threads class SMR info:
_java_thread_list=0x0000018d9643ed30, length=21, elements={
0x0000018d2ea16bc0, 0x0000018d5030c960, 0x0000018d5030e2e0, 0x0000018d50314060,
0x0000018d50314ab0, 0x0000018d50318120, 0x0000018d5031b9b0, 0x0000018d503238e0,
0x0000018d50334540, 0x0000018d5031c040, 0x0000018d50318bc0, 0x0000018d5031ac90,
0x0000018d50319f70, 0x0000018d5031a600, 0x0000018d50319250, 0x0000018d5031b320,
0x0000018d503198e0, 0x0000018d96b8ebb0, 0x0000018d96b8cae0, 0x0000018d96b8de90,
0x0000018d96b8c450
}

Java Threads: ( => current thread )
  0x0000018d2ea16bc0 JavaThread "main"                              [_thread_blocked, id=6028, stack(0x00000056a8f00000,0x00000056a9000000) (1024K)]
  0x0000018d5030c960 JavaThread "Reference Handler"          daemon [_thread_blocked, id=18240, stack(0x00000056a9700000,0x00000056a9800000) (1024K)]
  0x0000018d5030e2e0 JavaThread "Finalizer"                  daemon [_thread_blocked, id=16048, stack(0x00000056a9800000,0x00000056a9900000) (1024K)]
  0x0000018d50314060 JavaThread "Signal Dispatcher"          daemon [_thread_blocked, id=18728, stack(0x00000056a9900000,0x00000056a9a00000) (1024K)]
  0x0000018d50314ab0 JavaThread "Attach Listener"            daemon [_thread_blocked, id=15268, stack(0x00000056a9a00000,0x00000056a9b00000) (1024K)]
  0x0000018d50318120 JavaThread "Service Thread"             daemon [_thread_blocked, id=12352, stack(0x00000056a9b00000,0x00000056a9c00000) (1024K)]
  0x0000018d5031b9b0 JavaThread "Monitor Deflation Thread"   daemon [_thread_blocked, id=8372, stack(0x00000056a9c00000,0x00000056a9d00000) (1024K)]
=>0x0000018d503238e0 JavaThread "C2 CompilerThread0"         daemon [_thread_in_native, id=16412, stack(0x00000056a9d00000,0x00000056a9e00000) (1024K)]
  0x0000018d50334540 JavaThread "C1 CompilerThread0"         daemon [_thread_blocked, id=16484, stack(0x00000056a9e00000,0x00000056a9f00000) (1024K)]
  0x0000018d5031c040 JavaThread "Common-Cleaner"             daemon [_thread_blocked, id=18504, stack(0x00000056a9f00000,0x00000056aa000000) (1024K)]
  0x0000018d50318bc0 JavaThread "Monitor Ctrl-Break"         daemon [_thread_in_native, id=3872, stack(0x00000056aa200000,0x00000056aa300000) (1024K)]
  0x0000018d5031ac90 JavaThread "Notification Thread"        daemon [_thread_blocked, id=17436, stack(0x00000056aa300000,0x00000056aa400000) (1024K)]
  0x0000018d50319f70 JavaThread "QuantumRenderer-0"          daemon [_thread_blocked, id=10888, stack(0x00000056aa400000,0x00000056aa500000) (1024K)]
  0x0000018d5031a600 JavaThread "InvokeLaterDispatcher"      daemon [_thread_blocked, id=9956, stack(0x00000056aa000000,0x00000056aa100000) (1024K)]
  0x0000018d50319250 JavaThread "JavaFX Application Thread"         [_thread_in_native, id=1464, stack(0x00000056aa100000,0x00000056aa200000) (1024K)]
  0x0000018d5031b320 JavaThread "Thread-1"                   daemon [_thread_in_native, id=5480, stack(0x00000056aa800000,0x00000056aa900000) (1024K)]
  0x0000018d503198e0 JavaThread "JavaFX-Launcher"                   [_thread_blocked, id=7904, stack(0x00000056aae00000,0x00000056aaf00000) (1024K)]
  0x0000018d96b8ebb0 JavaThread "Prism Font Disposer"        daemon [_thread_blocked, id=7348, stack(0x00000056aaf00000,0x00000056ab000000) (1024K)]
  0x0000018d96b8cae0 JavaThread "JFXMedia Player EventQueueThread" daemon [_thread_blocked, id=4960, stack(0x00000056ab400000,0x00000056ab500000) (1024K)]
  0x0000018d96b8de90 JavaThread "Media Resource Disposer"    daemon [_thread_blocked, id=6036, stack(0x00000056ac200000,0x00000056ac300000) (1024K)]
  0x0000018d96b8c450 JavaThread "Cleaner-0"                  daemon [_thread_blocked, id=16140, stack(0x00000056ac400000,0x00000056ac500000) (1024K)]
Total: 21

Other Threads:
  0x0000018d502f1850 VMThread "VM Thread"                           [id=9948, stack(0x00000056a9600000,0x00000056a9700000) (1024K)]
  0x0000018d502db720 WatcherThread "VM Periodic Task Thread"        [id=3696, stack(0x00000056a9500000,0x00000056a9600000) (1024K)]
  0x0000018d2edcd6e0 WorkerThread "GC Thread#0"                     [id=17184, stack(0x00000056a9000000,0x00000056a9100000) (1024K)]
  0x0000018d96be9d10 WorkerThread "GC Thread#1"                     [id=3584, stack(0x00000056aa900000,0x00000056aaa00000) (1024K)]
  0x0000018d96b98340 WorkerThread "GC Thread#2"                     [id=9296, stack(0x00000056aaa00000,0x00000056aab00000) (1024K)]
  0x0000018d96b158b0 WorkerThread "GC Thread#3"                     [id=11764, stack(0x00000056aab00000,0x00000056aac00000) (1024K)]
  0x0000018d96b9eff0 WorkerThread "GC Thread#4"                     [id=1460, stack(0x00000056aac00000,0x00000056aad00000) (1024K)]
  0x0000018d96b9f790 WorkerThread "GC Thread#5"                     [id=1324, stack(0x00000056aad00000,0x00000056aae00000) (1024K)]
  0x0000018d96c8cb80 WorkerThread "GC Thread#6"                     [id=8048, stack(0x00000056abe00000,0x00000056abf00000) (1024K)]
  0x0000018d96c8da00 WorkerThread "GC Thread#7"                     [id=10228, stack(0x00000056abf00000,0x00000056ac000000) (1024K)]
  0x0000018d96c8d660 WorkerThread "GC Thread#8"                     [id=4420, stack(0x00000056ac000000,0x00000056ac100000) (1024K)]
  0x0000018d96f5e180 WorkerThread "GC Thread#9"                     [id=11288, stack(0x00000056ac100000,0x00000056ac200000) (1024K)]
  0x0000018d2eddfda0 ConcurrentGCThread "G1 Main Marker"            [id=19880, stack(0x00000056a9100000,0x00000056a9200000) (1024K)]
  0x0000018d2ede0f50 WorkerThread "G1 Conc#0"                       [id=19928, stack(0x00000056a9200000,0x00000056a9300000) (1024K)]
  0x0000018dbd6b2860 WorkerThread "G1 Conc#1"                       [id=3064, stack(0x00000056a8c00000,0x00000056a8d00000) (1024K)]
  0x0000018dbd6b4900 WorkerThread "G1 Conc#2"                       [id=9980, stack(0x00000056a8d00000,0x00000056a8e00000) (1024K)]
  0x0000018d501a65b0 ConcurrentGCThread "G1 Refine#0"               [id=19096, stack(0x00000056a9300000,0x00000056a9400000) (1024K)]
  0x0000018d501a6dd0 ConcurrentGCThread "G1 Service"                [id=19684, stack(0x00000056a9400000,0x00000056a9500000) (1024K)]
Total: 18

Threads with active compile tasks:
C2 CompilerThread0   170658 8473       4       javafx.css.StyleableDoubleProperty::bind (13 bytes)
Total: 1

VM state: not at safepoint (normal execution)

VM Mutex/Monitor currently owned by a thread: None

Heap address: 0x0000000703400000, size: 4044 MB, Compressed Oops mode: Zero based, Oop shift amount: 3

CDS archive(s) mapped at: [0x0000018d51000000-0x0000018d51c90000-0x0000018d51c90000), size 13172736, SharedBaseAddress: 0x0000018d51000000, ArchiveRelocationMode: 1.
Compressed class space mapped at: 0x0000018d52000000-0x0000018d92000000, reserved size: 1073741824
Narrow klass base: 0x0000018d51000000, Narrow klass shift: 0, Narrow klass range: 0x100000000

GC Precious Log:
 CardTable entry size: 512
 Card Set container configuration: InlinePtr #cards 4 size 8 Array Of Cards #cards 16 size 48 Howl #buckets 8 coarsen threshold 3686 Howl Bitmap #cards 512 size 80 coarsen threshold 460 Card regions per heap region 1 cards per card region 4096
 CPUs: 12 total, 12 available
 Memory: 16173M
 Large Page Support: Disabled
 NUMA Support: Disabled
 Compressed Oops: Enabled (Zero based)
 Heap Region Size: 2M
 Heap Min Capacity: 8M
 Heap Initial Capacity: 254M
 Heap Max Capacity: 4044M
 Pre-touch: Disabled
 Parallel Workers: 10
 Concurrent Workers: 3
 Concurrent Refinement Workers: 10
 Periodic GC: Disabled

Heap:
 garbage-first heap   total 407552K, used 298317K [0x0000000703400000, 0x0000000800000000)
  region size 2048K, 26 young (53248K), 5 survivors (10240K)
 Metaspace       used 20021K, committed 20352K, reserved 1114112K
  class space    used 2244K, committed 2432K, reserved 1048576K

Heap Regions: E=young(eden), S=young(survivor), O=old, HS=humongous(starts), HC=humongous(continues), CS=collection set, F=free, TAMS=top-at-mark-start, PB=parsable bottom
|   0|0x0000000703400000, 0x0000000703600000, 0x0000000703600000|100%| O|  |TAMS 0x0000000703400000| PB 0x0000000703400000| Untracked 
|   1|0x0000000703600000, 0x0000000703800000, 0x0000000703800000|100%| O|  |TAMS 0x0000000703600000| PB 0x0000000703600000| Untracked 
|   2|0x0000000703800000, 0x0000000703a00000, 0x0000000703a00000|100%| O|  |TAMS 0x0000000703800000| PB 0x0000000703800000| Untracked 
|   3|0x0000000703a00000, 0x0000000703c00000, 0x0000000703c00000|100%| O|  |TAMS 0x0000000703a00000| PB 0x0000000703a00000| Untracked 
|   4|0x0000000703c00000, 0x0000000703e00000, 0x0000000703e00000|100%| O|  |TAMS 0x0000000703c00000| PB 0x0000000703c00000| Untracked 
|   5|0x0000000703e00000, 0x0000000704000000, 0x0000000704000000|100%| O|  |TAMS 0x0000000703e00000| PB 0x0000000703e00000| Untracked 
|   6|0x0000000704000000, 0x0000000704200000, 0x0000000704200000|100%| O|  |TAMS 0x0000000704000000| PB 0x0000000704000000| Untracked 
|   7|0x0000000704200000, 0x0000000704400000, 0x0000000704400000|100%| O|  |TAMS 0x0000000704200000| PB 0x0000000704200000| Untracked 
|   8|0x0000000704400000, 0x0000000704600000, 0x0000000704600000|100%| O|  |TAMS 0x0000000704400000| PB 0x0000000704400000| Untracked 
|   9|0x0000000704600000, 0x0000000704800000, 0x0000000704800000|100%|HS|  |TAMS 0x0000000704600000| PB 0x0000000704600000| Complete 
|  10|0x0000000704800000, 0x0000000704a00000, 0x0000000704a00000|100%|HS|  |TAMS 0x0000000704800000| PB 0x0000000704800000| Complete 
|  11|0x0000000704a00000, 0x0000000704c00000, 0x0000000704c00000|100%|HC|  |TAMS 0x0000000704a00000| PB 0x0000000704a00000| Complete 
|  12|0x0000000704c00000, 0x0000000704e00000, 0x0000000704e00000|100%| O|  |TAMS 0x0000000704c00000| PB 0x0000000704c00000| Untracked 
|  13|0x0000000704e00000, 0x0000000705000000, 0x0000000705000000|100%| O|  |TAMS 0x0000000704e00000| PB 0x0000000704e00000| Untracked 
|  14|0x0000000705000000, 0x0000000705200000, 0x0000000705200000|100%| O|  |TAMS 0x0000000705000000| PB 0x0000000705000000| Untracked 
|  15|0x0000000705200000, 0x0000000705400000, 0x0000000705400000|100%| O|  |TAMS 0x0000000705200000| PB 0x0000000705200000| Untracked 
|  16|0x0000000705400000, 0x0000000705600000, 0x0000000705600000|100%| O|  |TAMS 0x0000000705400000| PB 0x0000000705400000| Untracked 
|  17|0x0000000705600000, 0x0000000705800000, 0x0000000705800000|100%| O|  |TAMS 0x0000000705600000| PB 0x0000000705600000| Untracked 
|  18|0x0000000705800000, 0x0000000705a00000, 0x0000000705a00000|100%| O|  |TAMS 0x0000000705800000| PB 0x0000000705800000| Untracked 
|  19|0x0000000705a00000, 0x0000000705c00000, 0x0000000705c00000|100%| O|  |TAMS 0x0000000705a00000| PB 0x0000000705a00000| Untracked 
|  20|0x0000000705c00000, 0x0000000705e00000, 0x0000000705e00000|100%| O|  |TAMS 0x0000000705c00000| PB 0x0000000705c00000| Untracked 
|  21|0x0000000705e00000, 0x0000000706000000, 0x0000000706000000|100%| O|  |TAMS 0x0000000705e00000| PB 0x0000000705e00000| Untracked 
|  22|0x0000000706000000, 0x0000000706200000, 0x0000000706200000|100%| O|  |TAMS 0x0000000706000000| PB 0x0000000706000000| Untracked 
|  23|0x0000000706200000, 0x0000000706400000, 0x0000000706400000|100%| O|  |TAMS 0x0000000706200000| PB 0x0000000706200000| Untracked 
|  24|0x0000000706400000, 0x0000000706600000, 0x0000000706600000|100%|HS|  |TAMS 0x0000000706400000| PB 0x0000000706400000| Complete 
|  25|0x0000000706600000, 0x0000000706800000, 0x0000000706800000|100%| O|  |TAMS 0x0000000706600000| PB 0x0000000706600000| Untracked 
|  26|0x0000000706800000, 0x0000000706a00000, 0x0000000706a00000|100%| O|  |TAMS 0x0000000706800000| PB 0x0000000706800000| Untracked 
|  27|0x0000000706a00000, 0x0000000706c00000, 0x0000000706c00000|100%| O|  |TAMS 0x0000000706a00000| PB 0x0000000706a00000| Untracked 
|  28|0x0000000706c00000, 0x0000000706e00000, 0x0000000706e00000|100%| O|  |TAMS 0x0000000706c00000| PB 0x0000000706c00000| Untracked 
|  29|0x0000000706e00000, 0x0000000707000000, 0x0000000707000000|100%| O|Cm|TAMS 0x0000000706e00000| PB 0x0000000706e00000| Complete 
|  30|0x0000000707000000, 0x0000000707200000, 0x0000000707200000|100%| O|  |TAMS 0x0000000707000000| PB 0x0000000707000000| Untracked 
|  31|0x0000000707200000, 0x0000000707400000, 0x0000000707400000|100%| O|  |TAMS 0x0000000707200000| PB 0x0000000707200000| Untracked 
|  32|0x0000000707400000, 0x0000000707600000, 0x0000000707600000|100%| O|  |TAMS 0x0000000707400000| PB 0x0000000707400000| Untracked 
|  33|0x0000000707600000, 0x0000000707800000, 0x0000000707800000|100%| O|  |TAMS 0x0000000707600000| PB 0x0000000707600000| Untracked 
|  34|0x0000000707800000, 0x0000000707a00000, 0x0000000707a00000|100%| O|  |TAMS 0x0000000707800000| PB 0x0000000707800000| Untracked 
|  35|0x0000000707a00000, 0x0000000707c00000, 0x0000000707c00000|100%| O|  |TAMS 0x0000000707a00000| PB 0x0000000707a00000| Untracked 
|  36|0x0000000707c00000, 0x0000000707e00000, 0x0000000707e00000|100%| O|  |TAMS 0x0000000707c00000| PB 0x0000000707c00000| Untracked 
|  37|0x0000000707e00000, 0x0000000708000000, 0x0000000708000000|100%| O|  |TAMS 0x0000000707e00000| PB 0x0000000707e00000| Untracked 
|  38|0x0000000708000000, 0x0000000708200000, 0x0000000708200000|100%| O|  |TAMS 0x0000000708000000| PB 0x0000000708000000| Untracked 
|  39|0x0000000708200000, 0x0000000708400000, 0x0000000708400000|100%| O|  |TAMS 0x0000000708200000| PB 0x0000000708200000| Untracked 
|  40|0x0000000708400000, 0x0000000708600000, 0x0000000708600000|100%| O|  |TAMS 0x0000000708400000| PB 0x0000000708400000| Untracked 
|  41|0x0000000708600000, 0x0000000708800000, 0x0000000708800000|100%| O|  |TAMS 0x0000000708600000| PB 0x0000000708600000| Untracked 
|  42|0x0000000708800000, 0x0000000708a00000, 0x0000000708a00000|100%| O|  |TAMS 0x0000000708800000| PB 0x0000000708800000| Untracked 
|  43|0x0000000708a00000, 0x0000000708c00000, 0x0000000708c00000|100%| O|  |TAMS 0x0000000708a00000| PB 0x0000000708a00000| Untracked 
|  44|0x0000000708c00000, 0x0000000708e00000, 0x0000000708e00000|100%| O|  |TAMS 0x0000000708c00000| PB 0x0000000708c00000| Untracked 
|  45|0x0000000708e00000, 0x0000000709000000, 0x0000000709000000|100%| O|  |TAMS 0x0000000708e00000| PB 0x0000000708e00000| Untracked 
|  46|0x0000000709000000, 0x0000000709200000, 0x0000000709200000|100%| O|  |TAMS 0x0000000709000000| PB 0x0000000709000000| Untracked 
|  47|0x0000000709200000, 0x0000000709400000, 0x0000000709400000|100%| O|  |TAMS 0x0000000709200000| PB 0x0000000709200000| Untracked 
|  48|0x0000000709400000, 0x0000000709600000, 0x0000000709600000|100%| O|  |TAMS 0x0000000709400000| PB 0x0000000709400000| Untracked 
|  49|0x0000000709600000, 0x0000000709800000, 0x0000000709800000|100%| O|  |TAMS 0x0000000709600000| PB 0x0000000709600000| Untracked 
|  50|0x0000000709800000, 0x0000000709a00000, 0x0000000709a00000|100%| O|  |TAMS 0x0000000709800000| PB 0x0000000709800000| Untracked 
|  51|0x0000000709a00000, 0x0000000709c00000, 0x0000000709c00000|100%|HS|  |TAMS 0x0000000709a00000| PB 0x0000000709a00000| Complete 
|  52|0x0000000709c00000, 0x0000000709e00000, 0x0000000709e00000|100%|HC|  |TAMS 0x0000000709c00000| PB 0x0000000709c00000| Complete 
|  53|0x0000000709e00000, 0x000000070a000000, 0x000000070a000000|100%|HC|  |TAMS 0x0000000709e00000| PB 0x0000000709e00000| Complete 
|  54|0x000000070a000000, 0x000000070a200000, 0x000000070a200000|100%| O|  |TAMS 0x000000070a000000| PB 0x000000070a000000| Untracked 
|  55|0x000000070a200000, 0x000000070a400000, 0x000000070a400000|100%| O|  |TAMS 0x000000070a200000| PB 0x000000070a200000| Untracked 
|  56|0x000000070a400000, 0x000000070a600000, 0x000000070a600000|100%| O|  |TAMS 0x000000070a400000| PB 0x000000070a400000| Untracked 
|  57|0x000000070a600000, 0x000000070a800000, 0x000000070a800000|100%| O|  |TAMS 0x000000070a600000| PB 0x000000070a600000| Untracked 
|  58|0x000000070a800000, 0x000000070aa00000, 0x000000070aa00000|100%| O|  |TAMS 0x000000070a800000| PB 0x000000070a800000| Untracked 
|  59|0x000000070aa00000, 0x000000070ac00000, 0x000000070ac00000|100%| O|  |TAMS 0x000000070aa00000| PB 0x000000070aa00000| Untracked 
|  60|0x000000070ac00000, 0x000000070ae00000, 0x000000070ae00000|100%| O|  |TAMS 0x000000070ac00000| PB 0x000000070ac00000| Untracked 
|  61|0x000000070ae00000, 0x000000070b000000, 0x000000070b000000|100%| O|  |TAMS 0x000000070ae00000| PB 0x000000070ae00000| Untracked 
|  62|0x000000070b000000, 0x000000070b200000, 0x000000070b200000|100%| O|  |TAMS 0x000000070b000000| PB 0x000000070b000000| Untracked 
|  63|0x000000070b200000, 0x000000070b400000, 0x000000070b400000|100%| O|  |TAMS 0x000000070b200000| PB 0x000000070b200000| Untracked 
|  64|0x000000070b400000, 0x000000070b600000, 0x000000070b600000|100%| O|  |TAMS 0x000000070b400000| PB 0x000000070b400000| Untracked 
|  65|0x000000070b600000, 0x000000070b800000, 0x000000070b800000|100%| O|  |TAMS 0x000000070b600000| PB 0x000000070b600000| Untracked 
|  66|0x000000070b800000, 0x000000070ba00000, 0x000000070ba00000|100%| O|  |TAMS 0x000000070b800000| PB 0x000000070b800000| Untracked 
|  67|0x000000070ba00000, 0x000000070bc00000, 0x000000070bc00000|100%| O|  |TAMS 0x000000070ba00000| PB 0x000000070ba00000| Untracked 
|  68|0x000000070bc00000, 0x000000070be00000, 0x000000070be00000|100%| O|  |TAMS 0x000000070bc00000| PB 0x000000070bc00000| Untracked 
|  69|0x000000070be00000, 0x000000070c000000, 0x000000070c000000|100%| O|  |TAMS 0x000000070be00000| PB 0x000000070be00000| Untracked 
|  70|0x000000070c000000, 0x000000070c200000, 0x000000070c200000|100%| O|  |TAMS 0x000000070c000000| PB 0x000000070c000000| Untracked 
|  71|0x000000070c200000, 0x000000070c400000, 0x000000070c400000|100%| O|  |TAMS 0x000000070c200000| PB 0x000000070c200000| Untracked 
|  72|0x000000070c400000, 0x000000070c600000, 0x000000070c600000|100%| O|  |TAMS 0x000000070c400000| PB 0x000000070c400000| Untracked 
|  73|0x000000070c600000, 0x000000070c800000, 0x000000070c800000|100%| O|  |TAMS 0x000000070c600000| PB 0x000000070c600000| Untracked 
|  74|0x000000070c800000, 0x000000070ca00000, 0x000000070ca00000|100%| O|  |TAMS 0x000000070c800000| PB 0x000000070c800000| Untracked 
|  75|0x000000070ca00000, 0x000000070cc00000, 0x000000070cc00000|100%| O|  |TAMS 0x000000070ca00000| PB 0x000000070ca00000| Untracked 
|  76|0x000000070cc00000, 0x000000070ce00000, 0x000000070ce00000|100%| O|  |TAMS 0x000000070cc00000| PB 0x000000070cc00000| Untracked 
|  77|0x000000070ce00000, 0x000000070d000000, 0x000000070d000000|100%| O|  |TAMS 0x000000070ce00000| PB 0x000000070ce00000| Untracked 
|  78|0x000000070d000000, 0x000000070d200000, 0x000000070d200000|100%| O|  |TAMS 0x000000070d000000| PB 0x000000070d000000| Untracked 
|  79|0x000000070d200000, 0x000000070d400000, 0x000000070d400000|100%| O|  |TAMS 0x000000070d200000| PB 0x000000070d200000| Untracked 
|  80|0x000000070d400000, 0x000000070d600000, 0x000000070d600000|100%| O|  |TAMS 0x000000070d400000| PB 0x000000070d400000| Untracked 
|  81|0x000000070d600000, 0x000000070d800000, 0x000000070d800000|100%| O|  |TAMS 0x000000070d600000| PB 0x000000070d600000| Untracked 
|  82|0x000000070d800000, 0x000000070da00000, 0x000000070da00000|100%| O|  |TAMS 0x000000070d800000| PB 0x000000070d800000| Untracked 
|  83|0x000000070da00000, 0x000000070dc00000, 0x000000070dc00000|100%| O|  |TAMS 0x000000070da00000| PB 0x000000070da00000| Untracked 
|  84|0x000000070dc00000, 0x000000070de00000, 0x000000070de00000|100%| O|  |TAMS 0x000000070dc00000| PB 0x000000070dc00000| Untracked 
|  85|0x000000070de00000, 0x000000070e000000, 0x000000070e000000|100%| O|  |TAMS 0x000000070de00000| PB 0x000000070de00000| Untracked 
|  86|0x000000070e000000, 0x000000070e200000, 0x000000070e200000|100%| O|  |TAMS 0x000000070e000000| PB 0x000000070e000000| Untracked 
|  87|0x000000070e200000, 0x000000070e400000, 0x000000070e400000|100%| O|  |TAMS 0x000000070e200000| PB 0x000000070e200000| Untracked 
|  88|0x000000070e400000, 0x000000070e600000, 0x000000070e600000|100%| O|  |TAMS 0x000000070e400000| PB 0x000000070e400000| Untracked 
|  89|0x000000070e600000, 0x000000070e800000, 0x000000070e800000|100%| O|  |TAMS 0x000000070e600000| PB 0x000000070e600000| Untracked 
|  90|0x000000070e800000, 0x000000070ea00000, 0x000000070ea00000|100%| O|  |TAMS 0x000000070e800000| PB 0x000000070e800000| Untracked 
|  91|0x000000070ea00000, 0x000000070ec00000, 0x000000070ec00000|100%| O|  |TAMS 0x000000070ea00000| PB 0x000000070ea00000| Untracked 
|  92|0x000000070ec00000, 0x000000070ee00000, 0x000000070ee00000|100%| O|  |TAMS 0x000000070ec00000| PB 0x000000070ec00000| Untracked 
|  93|0x000000070ee00000, 0x000000070f000000, 0x000000070f000000|100%| O|  |TAMS 0x000000070ee00000| PB 0x000000070ee00000| Untracked 
|  94|0x000000070f000000, 0x000000070f200000, 0x000000070f200000|100%| O|  |TAMS 0x000000070f000000| PB 0x000000070f000000| Untracked 
|  95|0x000000070f200000, 0x000000070f400000, 0x000000070f400000|100%| O|  |TAMS 0x000000070f200000| PB 0x000000070f200000| Untracked 
|  96|0x000000070f400000, 0x000000070f600000, 0x000000070f600000|100%| O|  |TAMS 0x000000070f400000| PB 0x000000070f400000| Untracked 
|  97|0x000000070f600000, 0x000000070f800000, 0x000000070f800000|100%| O|  |TAMS 0x000000070f600000| PB 0x000000070f600000| Untracked 
|  98|0x000000070f800000, 0x000000070fa00000, 0x000000070fa00000|100%| O|Cm|TAMS 0x000000070f800000| PB 0x000000070f800000| Complete 
|  99|0x000000070fa00000, 0x000000070fc00000, 0x000000070fc00000|100%| O|  |TAMS 0x000000070fa00000| PB 0x000000070fa00000| Untracked 
| 100|0x000000070fc00000, 0x000000070fe00000, 0x000000070fe00000|100%| O|  |TAMS 0x000000070fc00000| PB 0x000000070fc00000| Untracked 
| 101|0x000000070fe00000, 0x0000000710000000, 0x0000000710000000|100%| O|  |TAMS 0x000000070fe00000| PB 0x000000070fe00000| Untracked 
| 102|0x0000000710000000, 0x0000000710200000, 0x0000000710200000|100%|HS|  |TAMS 0x0000000710000000| PB 0x0000000710000000| Complete 
| 103|0x0000000710200000, 0x0000000710400000, 0x0000000710400000|100%|HC|  |TAMS 0x0000000710200000| PB 0x0000000710200000| Complete 
| 104|0x0000000710400000, 0x0000000710600000, 0x0000000710600000|100%|HC|  |TAMS 0x0000000710400000| PB 0x0000000710400000| Complete 
| 105|0x0000000710600000, 0x0000000710800000, 0x0000000710800000|100%| O|  |TAMS 0x0000000710600000| PB 0x0000000710600000| Untracked 
| 106|0x0000000710800000, 0x0000000710a00000, 0x0000000710a00000|100%| O|Cm|TAMS 0x0000000710800000| PB 0x0000000710800000| Complete 
| 107|0x0000000710a00000, 0x0000000710c00000, 0x0000000710c00000|100%| O|  |TAMS 0x0000000710a00000| PB 0x0000000710a00000| Untracked 
| 108|0x0000000710c00000, 0x0000000710e00000, 0x0000000710e00000|100%| O|  |TAMS 0x0000000710c00000| PB 0x0000000710c00000| Untracked 
| 109|0x0000000710e00000, 0x0000000711000000, 0x0000000711000000|100%| O|  |TAMS 0x0000000710e00000| PB 0x0000000710e00000| Untracked 
| 110|0x0000000711000000, 0x0000000711200000, 0x0000000711200000|100%| O|  |TAMS 0x0000000711000000| PB 0x0000000711000000| Untracked 
| 111|0x0000000711200000, 0x0000000711400000, 0x0000000711400000|100%| O|  |TAMS 0x0000000711200000| PB 0x0000000711200000| Untracked 
| 112|0x0000000711400000, 0x0000000711600000, 0x0000000711600000|100%| O|  |TAMS 0x0000000711400000| PB 0x0000000711400000| Untracked 
| 113|0x0000000711600000, 0x0000000711800000, 0x0000000711800000|100%| O|Cm|TAMS 0x0000000711600000| PB 0x0000000711600000| Complete 
| 114|0x0000000711800000, 0x0000000711a00000, 0x0000000711a00000|100%| O|  |TAMS 0x0000000711800000| PB 0x0000000711800000| Untracked 
| 115|0x0000000711a00000, 0x0000000711c00000, 0x0000000711c00000|100%| O|  |TAMS 0x0000000711a00000| PB 0x0000000711a00000| Untracked 
| 116|0x0000000711c00000, 0x0000000711e00000, 0x0000000711e00000|100%| O|  |TAMS 0x0000000711c00000| PB 0x0000000711c00000| Untracked 
| 117|0x0000000711e00000, 0x0000000712000000, 0x0000000712000000|100%| O|  |TAMS 0x0000000711e00000| PB 0x0000000711e00000| Untracked 
| 118|0x0000000712000000, 0x0000000712200000, 0x0000000712200000|100%| O|  |TAMS 0x0000000712000000| PB 0x0000000712000000| Untracked 
| 119|0x0000000712200000, 0x0000000712353448, 0x0000000712400000| 66%| O|  |TAMS 0x0000000712200000| PB 0x0000000712200000| Untracked 
| 120|0x0000000712400000, 0x0000000712400000, 0x0000000712600000|  0%| F|  |TAMS 0x0000000712400000| PB 0x0000000712400000| Untracked 
| 121|0x0000000712600000, 0x0000000712600000, 0x0000000712800000|  0%| F|  |TAMS 0x0000000712600000| PB 0x0000000712600000| Untracked 
| 122|0x0000000712800000, 0x0000000712800000, 0x0000000712a00000|  0%| F|  |TAMS 0x0000000712800000| PB 0x0000000712800000| Untracked 
| 123|0x0000000712a00000, 0x0000000712c00000, 0x0000000712c00000|100%| O|  |TAMS 0x0000000712a00000| PB 0x0000000712a00000| Untracked 
| 124|0x0000000712c00000, 0x0000000712c00000, 0x0000000712e00000|  0%| F|  |TAMS 0x0000000712c00000| PB 0x0000000712c00000| Untracked 
| 125|0x0000000712e00000, 0x0000000712e00000, 0x0000000713000000|  0%| F|  |TAMS 0x0000000712e00000| PB 0x0000000712e00000| Untracked 
| 126|0x0000000713000000, 0x0000000713000000, 0x0000000713200000|  0%| F|  |TAMS 0x0000000713000000| PB 0x0000000713000000| Untracked 
| 127|0x0000000713200000, 0x0000000713200000, 0x0000000713400000|  0%| F|  |TAMS 0x0000000713200000| PB 0x0000000713200000| Untracked 
| 128|0x0000000713400000, 0x0000000713400000, 0x0000000713600000|  0%| F|  |TAMS 0x0000000713400000| PB 0x0000000713400000| Untracked 
| 129|0x0000000713600000, 0x0000000713600000, 0x0000000713800000|  0%| F|  |TAMS 0x0000000713600000| PB 0x0000000713600000| Untracked 
| 130|0x0000000713800000, 0x0000000713800000, 0x0000000713a00000|  0%| F|  |TAMS 0x0000000713800000| PB 0x0000000713800000| Untracked 
| 131|0x0000000713a00000, 0x0000000713a00000, 0x0000000713c00000|  0%| F|  |TAMS 0x0000000713a00000| PB 0x0000000713a00000| Untracked 
| 132|0x0000000713c00000, 0x0000000713c00000, 0x0000000713e00000|  0%| F|  |TAMS 0x0000000713c00000| PB 0x0000000713c00000| Untracked 
| 133|0x0000000713e00000, 0x0000000713e00000, 0x0000000714000000|  0%| F|  |TAMS 0x0000000713e00000| PB 0x0000000713e00000| Untracked 
| 134|0x0000000714000000, 0x0000000714000000, 0x0000000714200000|  0%| F|  |TAMS 0x0000000714000000| PB 0x0000000714000000| Untracked 
| 135|0x0000000714200000, 0x0000000714200000, 0x0000000714400000|  0%| F|  |TAMS 0x0000000714200000| PB 0x0000000714200000| Untracked 
| 136|0x0000000714400000, 0x0000000714400000, 0x0000000714600000|  0%| F|  |TAMS 0x0000000714400000| PB 0x0000000714400000| Untracked 
| 137|0x0000000714600000, 0x0000000714600000, 0x0000000714800000|  0%| F|  |TAMS 0x0000000714600000| PB 0x0000000714600000| Untracked 
| 138|0x0000000714800000, 0x0000000714800000, 0x0000000714a00000|  0%| F|  |TAMS 0x0000000714800000| PB 0x0000000714800000| Untracked 
| 139|0x0000000714a00000, 0x0000000714a00000, 0x0000000714c00000|  0%| F|  |TAMS 0x0000000714a00000| PB 0x0000000714a00000| Untracked 
| 140|0x0000000714c00000, 0x0000000714c00000, 0x0000000714e00000|  0%| F|  |TAMS 0x0000000714c00000| PB 0x0000000714c00000| Untracked 
| 141|0x0000000714e00000, 0x0000000714e00000, 0x0000000715000000|  0%| F|  |TAMS 0x0000000714e00000| PB 0x0000000714e00000| Untracked 
| 142|0x0000000715000000, 0x0000000715000000, 0x0000000715200000|  0%| F|  |TAMS 0x0000000715000000| PB 0x0000000715000000| Untracked 
| 143|0x0000000715200000, 0x0000000715200000, 0x0000000715400000|  0%| F|  |TAMS 0x0000000715200000| PB 0x0000000715200000| Untracked 
| 144|0x0000000715400000, 0x0000000715400000, 0x0000000715600000|  0%| F|  |TAMS 0x0000000715400000| PB 0x0000000715400000| Untracked 
| 145|0x0000000715600000, 0x0000000715600000, 0x0000000715800000|  0%| F|  |TAMS 0x0000000715600000| PB 0x0000000715600000| Untracked 
| 146|0x0000000715800000, 0x0000000715800000, 0x0000000715a00000|  0%| F|  |TAMS 0x0000000715800000| PB 0x0000000715800000| Untracked 
| 147|0x0000000715a00000, 0x0000000715a00000, 0x0000000715c00000|  0%| F|  |TAMS 0x0000000715a00000| PB 0x0000000715a00000| Untracked 
| 148|0x0000000715c00000, 0x0000000715c00000, 0x0000000715e00000|  0%| F|  |TAMS 0x0000000715c00000| PB 0x0000000715c00000| Untracked 
| 149|0x0000000715e00000, 0x0000000715e00000, 0x0000000716000000|  0%| F|  |TAMS 0x0000000715e00000| PB 0x0000000715e00000| Untracked 
| 150|0x0000000716000000, 0x0000000716000000, 0x0000000716200000|  0%| F|  |TAMS 0x0000000716000000| PB 0x0000000716000000| Untracked 
| 151|0x0000000716200000, 0x0000000716200000, 0x0000000716400000|  0%| F|  |TAMS 0x0000000716200000| PB 0x0000000716200000| Untracked 
| 152|0x0000000716400000, 0x0000000716400000, 0x0000000716600000|  0%| F|  |TAMS 0x0000000716400000| PB 0x0000000716400000| Untracked 
| 153|0x0000000716600000, 0x0000000716600000, 0x0000000716800000|  0%| F|  |TAMS 0x0000000716600000| PB 0x0000000716600000| Untracked 
| 154|0x0000000716800000, 0x0000000716800000, 0x0000000716a00000|  0%| F|  |TAMS 0x0000000716800000| PB 0x0000000716800000| Untracked 
| 155|0x0000000716a00000, 0x0000000716a00000, 0x0000000716c00000|  0%| F|  |TAMS 0x0000000716a00000| PB 0x0000000716a00000| Untracked 
| 156|0x0000000716c00000, 0x0000000716c00000, 0x0000000716e00000|  0%| F|  |TAMS 0x0000000716c00000| PB 0x0000000716c00000| Untracked 
| 157|0x0000000716e00000, 0x0000000716e00000, 0x0000000717000000|  0%| F|  |TAMS 0x0000000716e00000| PB 0x0000000716e00000| Untracked 
| 158|0x0000000717000000, 0x0000000717000000, 0x0000000717200000|  0%| F|  |TAMS 0x0000000717000000| PB 0x0000000717000000| Untracked 
| 159|0x0000000717200000, 0x0000000717200000, 0x0000000717400000|  0%| F|  |TAMS 0x0000000717200000| PB 0x0000000717200000| Untracked 
| 160|0x0000000717400000, 0x0000000717400000, 0x0000000717600000|  0%| F|  |TAMS 0x0000000717400000| PB 0x0000000717400000| Untracked 
| 161|0x0000000717600000, 0x0000000717600000, 0x0000000717800000|  0%| F|  |TAMS 0x0000000717600000| PB 0x0000000717600000| Untracked 
| 162|0x0000000717800000, 0x0000000717800000, 0x0000000717a00000|  0%| F|  |TAMS 0x0000000717800000| PB 0x0000000717800000| Untracked 
| 163|0x0000000717a00000, 0x0000000717a00000, 0x0000000717c00000|  0%| F|  |TAMS 0x0000000717a00000| PB 0x0000000717a00000| Untracked 
| 164|0x0000000717c00000, 0x0000000717c00000, 0x0000000717e00000|  0%| F|  |TAMS 0x0000000717c00000| PB 0x0000000717c00000| Untracked 
| 165|0x0000000717e00000, 0x0000000718000000, 0x0000000718000000|100%| S|CS|TAMS 0x0000000717e00000| PB 0x0000000717e00000| Complete 
| 166|0x0000000718000000, 0x0000000718200000, 0x0000000718200000|100%| S|CS|TAMS 0x0000000718000000| PB 0x0000000718000000| Complete 
| 167|0x0000000718200000, 0x0000000718400000, 0x0000000718400000|100%| S|CS|TAMS 0x0000000718200000| PB 0x0000000718200000| Complete 
| 168|0x0000000718400000, 0x0000000718600000, 0x0000000718600000|100%| S|CS|TAMS 0x0000000718400000| PB 0x0000000718400000| Complete 
| 169|0x0000000718600000, 0x0000000718600000, 0x0000000718800000|  0%| F|  |TAMS 0x0000000718600000| PB 0x0000000718600000| Untracked 
| 170|0x0000000718800000, 0x0000000718a00000, 0x0000000718a00000|100%| S|CS|TAMS 0x0000000718800000| PB 0x0000000718800000| Complete 
| 171|0x0000000718a00000, 0x0000000718a00000, 0x0000000718c00000|  0%| F|  |TAMS 0x0000000718a00000| PB 0x0000000718a00000| Untracked 
| 172|0x0000000718c00000, 0x0000000718c00000, 0x0000000718e00000|  0%| F|  |TAMS 0x0000000718c00000| PB 0x0000000718c00000| Untracked 
| 173|0x0000000718e00000, 0x0000000718e00000, 0x0000000719000000|  0%| F|  |TAMS 0x0000000718e00000| PB 0x0000000718e00000| Untracked 
| 174|0x0000000719000000, 0x0000000719000000, 0x0000000719200000|  0%| F|  |TAMS 0x0000000719000000| PB 0x0000000719000000| Untracked 
| 175|0x0000000719200000, 0x0000000719200000, 0x0000000719400000|  0%| F|  |TAMS 0x0000000719200000| PB 0x0000000719200000| Untracked 
| 176|0x0000000719400000, 0x0000000719400000, 0x0000000719600000|  0%| F|  |TAMS 0x0000000719400000| PB 0x0000000719400000| Untracked 
| 177|0x0000000719600000, 0x0000000719600000, 0x0000000719800000|  0%| F|  |TAMS 0x0000000719600000| PB 0x0000000719600000| Untracked 
| 178|0x0000000719800000, 0x0000000719900000, 0x0000000719a00000| 50%| E|  |TAMS 0x0000000719800000| PB 0x0000000719800000| Complete 
| 179|0x0000000719a00000, 0x0000000719c00000, 0x0000000719c00000|100%| E|CS|TAMS 0x0000000719a00000| PB 0x0000000719a00000| Complete 
| 180|0x0000000719c00000, 0x0000000719e00000, 0x0000000719e00000|100%| E|CS|TAMS 0x0000000719c00000| PB 0x0000000719c00000| Complete 
| 181|0x0000000719e00000, 0x000000071a000000, 0x000000071a000000|100%| E|CS|TAMS 0x0000000719e00000| PB 0x0000000719e00000| Complete 
| 182|0x000000071a000000, 0x000000071a200000, 0x000000071a200000|100%| E|CS|TAMS 0x000000071a000000| PB 0x000000071a000000| Complete 
| 183|0x000000071a200000, 0x000000071a400000, 0x000000071a400000|100%| E|CS|TAMS 0x000000071a200000| PB 0x000000071a200000| Complete 
| 184|0x000000071a400000, 0x000000071a600000, 0x000000071a600000|100%| E|CS|TAMS 0x000000071a400000| PB 0x000000071a400000| Complete 
| 185|0x000000071a600000, 0x000000071a800000, 0x000000071a800000|100%| E|CS|TAMS 0x000000071a600000| PB 0x000000071a600000| Complete 
| 186|0x000000071a800000, 0x000000071aa00000, 0x000000071aa00000|100%| E|CS|TAMS 0x000000071a800000| PB 0x000000071a800000| Complete 
| 187|0x000000071aa00000, 0x000000071ac00000, 0x000000071ac00000|100%| E|CS|TAMS 0x000000071aa00000| PB 0x000000071aa00000| Complete 
| 188|0x000000071ac00000, 0x000000071ae00000, 0x000000071ae00000|100%| E|CS|TAMS 0x000000071ac00000| PB 0x000000071ac00000| Complete 
| 189|0x000000071ae00000, 0x000000071b000000, 0x000000071b000000|100%| E|CS|TAMS 0x000000071ae00000| PB 0x000000071ae00000| Complete 
| 190|0x000000071b000000, 0x000000071b200000, 0x000000071b200000|100%| E|CS|TAMS 0x000000071b000000| PB 0x000000071b000000| Complete 
| 191|0x000000071b200000, 0x000000071b400000, 0x000000071b400000|100%| E|CS|TAMS 0x000000071b200000| PB 0x000000071b200000| Complete 
| 192|0x000000071b400000, 0x000000071b600000, 0x000000071b600000|100%| E|CS|TAMS 0x000000071b400000| PB 0x000000071b400000| Complete 
| 193|0x000000071b600000, 0x000000071b800000, 0x000000071b800000|100%| E|CS|TAMS 0x000000071b600000| PB 0x000000071b600000| Complete 
| 194|0x000000071b800000, 0x000000071ba00000, 0x000000071ba00000|100%| E|CS|TAMS 0x000000071b800000| PB 0x000000071b800000| Complete 
| 195|0x000000071ba00000, 0x000000071bc00000, 0x000000071bc00000|100%| E|CS|TAMS 0x000000071ba00000| PB 0x000000071ba00000| Complete 
| 196|0x000000071bc00000, 0x000000071be00000, 0x000000071be00000|100%| E|CS|TAMS 0x000000071bc00000| PB 0x000000071bc00000| Complete 
| 197|0x000000071be00000, 0x000000071c000000, 0x000000071c000000|100%| E|CS|TAMS 0x000000071be00000| PB 0x000000071be00000| Complete 
| 198|0x000000071c000000, 0x000000071c200000, 0x000000071c200000|100%| E|CS|TAMS 0x000000071c000000| PB 0x000000071c000000| Complete 

Card table byte_map: [0x0000018d48ef0000,0x0000018d496e0000] _byte_map_base: 0x0000018d456d6000

Marking Bits: (CMBitMap*) 0x0000018d2edce900
 Bits: [0x0000018d496e0000, 0x0000018d4d610000)

Polling page: 0x0000018d2ee30000

Metaspace:

Usage:
  Non-class:     17.36 MB used.
      Class:      2.19 MB used.
       Both:     19.55 MB used.

Virtual space:
  Non-class space:       64.00 MB reserved,      17.50 MB ( 27%) committed,  1 nodes.
      Class space:        1.00 GB reserved,       2.38 MB ( <1%) committed,  1 nodes.
             Both:        1.06 GB reserved,      19.88 MB (  2%) committed. 

Chunk freelists:
   Non-Class:  14.00 MB
       Class:  13.63 MB
        Both:  27.63 MB

MaxMetaspaceSize: unlimited
CompressedClassSpaceSize: 1.00 GB
Initial GC threshold: 21.00 MB
Current GC threshold: 33.12 MB
CDS: on
 - commit_granule_bytes: 65536.
 - commit_granule_words: 8192.
 - virtual_space_node_default_size: 8388608.
 - enlarge_chunks_in_place: 1.
 - use_allocation_guard: 0.


Internal statistics:

num_allocs_failed_limit: 0.
num_arena_births: 442.
num_arena_deaths: 0.
num_vsnodes_births: 2.
num_vsnodes_deaths: 0.
num_space_committed: 318.
num_space_uncommitted: 0.
num_chunks_returned_to_freelist: 0.
num_chunks_taken_from_freelist: 1136.
num_chunk_merges: 0.
num_chunk_splits: 733.
num_chunks_enlarged: 497.
num_inconsistent_stats: 0.

CodeHeap 'non-profiled nmethods': size=120000Kb used=7666Kb max_used=7666Kb free=112334Kb
 bounds [0x0000018d40620000, 0x0000018d40da0000, 0x0000018d47b50000]
CodeHeap 'profiled nmethods': size=120000Kb used=11220Kb max_used=18056Kb free=108779Kb
 bounds [0x0000018d38b50000, 0x0000018d39d00000, 0x0000018d40080000]
CodeHeap 'non-nmethods': size=5760Kb used=1843Kb max_used=1949Kb free=3917Kb
 bounds [0x0000018d40080000, 0x0000018d402f0000, 0x0000018d40620000]
 total_blobs=7496 nmethods=6649 adapters=750
 compilation: enabled
              stopped_count=0, restarted_count=0
 full_count=0

Compilation events (20 events):
Event: 168.907 Thread 0x0000018d50334540 nmethod 8463 0x0000018d38cd7910 code [0x0000018d38cd7ac0, 0x0000018d38cd7ca0]
Event: 169.031 Thread 0x0000018d503238e0 8464   !   4       java.nio.file.spi.FileSystemProvider::exists (42 bytes)
Event: 169.034 Thread 0x0000018d503238e0 nmethod 8464 0x0000018d40d9a790 code [0x0000018d40d9a940, 0x0000018d40d9ab18]
Event: 169.190 Thread 0x0000018d50334540 8465       3       com.sun.javafx.tk.quantum.PaintCollector::removeDirtyScene (95 bytes)
Event: 169.190 Thread 0x0000018d503238e0 8466       4       java.util.ArrayList::remove (76 bytes)
Event: 169.190 Thread 0x0000018d50334540 nmethod 8465 0x0000018d38b73410 code [0x0000018d38b73640, 0x0000018d38b74060]
Event: 169.194 Thread 0x0000018d503238e0 nmethod 8466 0x0000018d40d9ac90 code [0x0000018d40d9ae40, 0x0000018d40d9b248]
Event: 169.619 Thread 0x0000018d503238e0 8467       4       com.sun.prism.PresentableState::unlock (15 bytes)
Event: 169.619 Thread 0x0000018d50334540 8468       2       com.sun.glass.ui.View::unlock (13 bytes)
Event: 169.620 Thread 0x0000018d503238e0 nmethod 8467 0x0000018d40d9b410 code [0x0000018d40d9b5a0, 0x0000018d40d9b6b0]
Event: 169.620 Thread 0x0000018d50334540 nmethod 8468 0x0000018d38b6e410 code [0x0000018d38b6e5e0, 0x0000018d38b6e7f8]
Event: 169.648 Thread 0x0000018d50334540 8469   !   3       com.sun.javafx.tk.quantum.PresentingPainter::run (680 bytes)
Event: 169.649 Thread 0x0000018d503238e0 8470       4       com.sun.prism.d3d.D3DResourceFactory::isDeviceReady (21 bytes)
Event: 169.650 Thread 0x0000018d503238e0 nmethod 8470 0x0000018d40d9b810 code [0x0000018d40d9b9c0, 0x0000018d40d9bba8]
Event: 169.664 Thread 0x0000018d50334540 nmethod 8469 0x0000018d393a6810 code [0x0000018d393a77a0, 0x0000018d393b33a0]
Event: 169.840 Thread 0x0000018d503238e0 8471       4       javafx.scene.control.Labeled::textOverrunProperty (27 bytes)
Event: 169.843 Thread 0x0000018d503238e0 nmethod 8471 0x0000018d40d9bd90 code [0x0000018d40d9bf20, 0x0000018d40d9c158]
Event: 170.459 Thread 0x0000018d503238e0 8472       4       javafx.beans.property.ReadOnlyObjectPropertyBase::addListener (14 bytes)
Event: 170.460 Thread 0x0000018d503238e0 nmethod 8472 0x0000018d40d9c210 code [0x0000018d40d9c3c0, 0x0000018d40d9c6b8]
Event: 170.594 Thread 0x0000018d503238e0 8473       4       javafx.css.StyleableDoubleProperty::bind (13 bytes)

GC Heap History (20 events):
Event: 76.678 GC heap before
{Heap before GC invocations=8 (full 0):
 garbage-first heap   total 260096K, used 199329K [0x0000000703400000, 0x0000000800000000)
  region size 2048K, 35 young (71680K), 6 survivors (12288K)
 Metaspace       used 20010K, committed 20352K, reserved 1114112K
  class space    used 2242K, committed 2432K, reserved 1048576K
}
Event: 76.698 GC heap after
{Heap after GC invocations=9 (full 0):
 garbage-first heap   total 260096K, used 152741K [0x0000000703400000, 0x0000000800000000)
  region size 2048K, 5 young (10240K), 5 survivors (10240K)
 Metaspace       used 20010K, committed 20352K, reserved 1114112K
  class space    used 2242K, committed 2432K, reserved 1048576K
}
Event: 88.146 GC heap before
{Heap before GC invocations=9 (full 0):
 garbage-first heap   total 260096K, used 228517K [0x0000000703400000, 0x0000000800000000)
  region size 2048K, 39 young (79872K), 5 survivors (10240K)
 Metaspace       used 20013K, committed 20352K, reserved 1114112K
  class space    used 2242K, committed 2432K, reserved 1048576K
}
Event: 88.163 GC heap after
{Heap after GC invocations=10 (full 0):
 garbage-first heap   total 260096K, used 172032K [0x0000000703400000, 0x0000000800000000)
  region size 2048K, 5 young (10240K), 5 survivors (10240K)
 Metaspace       used 20013K, committed 20352K, reserved 1114112K
  class space    used 2242K, committed 2432K, reserved 1048576K
}
Event: 97.445 GC heap before
{Heap before GC invocations=10 (full 0):
 garbage-first heap   total 260096K, used 229376K [0x0000000703400000, 0x0000000800000000)
  region size 2048K, 33 young (67584K), 5 survivors (10240K)
 Metaspace       used 20013K, committed 20352K, reserved 1114112K
  class space    used 2242K, committed 2432K, reserved 1048576K
}
Event: 97.460 GC heap after
{Heap after GC invocations=11 (full 0):
 garbage-first heap   total 260096K, used 184829K [0x0000000703400000, 0x0000000800000000)
  region size 2048K, 5 young (10240K), 5 survivors (10240K)
 Metaspace       used 20013K, committed 20352K, reserved 1114112K
  class space    used 2242K, committed 2432K, reserved 1048576K
}
Event: 105.092 GC heap before
{Heap before GC invocations=12 (full 0):
 garbage-first heap   total 294912K, used 225789K [0x0000000703400000, 0x0000000800000000)
  region size 2048K, 28 young (57344K), 5 survivors (10240K)
 Metaspace       used 20016K, committed 20352K, reserved 1114112K
  class space    used 2244K, committed 2432K, reserved 1048576K
}
Event: 105.110 GC heap after
{Heap after GC invocations=13 (full 0):
 garbage-first heap   total 294912K, used 189649K [0x0000000703400000, 0x0000000800000000)
  region size 2048K, 4 young (8192K), 4 survivors (8192K)
 Metaspace       used 20016K, committed 20352K, reserved 1114112K
  class space    used 2244K, committed 2432K, reserved 1048576K
}
Event: 116.985 GC heap before
{Heap before GC invocations=13 (full 0):
 garbage-first heap   total 294912K, used 259281K [0x0000000703400000, 0x0000000800000000)
  region size 2048K, 38 young (77824K), 4 survivors (8192K)
 Metaspace       used 20016K, committed 20352K, reserved 1114112K
  class space    used 2244K, committed 2432K, reserved 1048576K
}
Event: 117.003 GC heap after
{Heap after GC invocations=14 (full 0):
 garbage-first heap   total 294912K, used 201479K [0x0000000703400000, 0x0000000800000000)
  region size 2048K, 5 young (10240K), 5 survivors (10240K)
 Metaspace       used 20016K, committed 20352K, reserved 1114112K
  class space    used 2244K, committed 2432K, reserved 1048576K
}
Event: 119.386 GC heap before
{Heap before GC invocations=14 (full 0):
 garbage-first heap   total 294912K, used 213767K [0x0000000703400000, 0x0000000800000000)
  region size 2048K, 12 young (24576K), 5 survivors (10240K)
 Metaspace       used 20016K, committed 20352K, reserved 1114112K
  class space    used 2244K, committed 2432K, reserved 1048576K
}
Event: 119.396 GC heap after
{Heap after GC invocations=15 (full 0):
 garbage-first heap   total 294912K, used 206112K [0x0000000703400000, 0x0000000800000000)
  region size 2048K, 2 young (4096K), 2 survivors (4096K)
 Metaspace       used 20016K, committed 20352K, reserved 1114112K
  class space    used 2244K, committed 2432K, reserved 1048576K
}
Event: 129.716 GC heap before
{Heap before GC invocations=16 (full 0):
 garbage-first heap   total 348160K, used 265504K [0x0000000703400000, 0x0000000800000000)
  region size 2048K, 31 young (63488K), 2 survivors (4096K)
 Metaspace       used 20016K, committed 20352K, reserved 1114112K
  class space    used 2244K, committed 2432K, reserved 1048576K
}
Event: 129.728 GC heap after
{Heap after GC invocations=17 (full 0):
 garbage-first heap   total 348160K, used 217088K [0x0000000703400000, 0x0000000800000000)
  region size 2048K, 4 young (8192K), 4 survivors (8192K)
 Metaspace       used 20016K, committed 20352K, reserved 1114112K
  class space    used 2244K, committed 2432K, reserved 1048576K
}
Event: 143.965 GC heap before
{Heap before GC invocations=17 (full 0):
 garbage-first heap   total 348160K, used 311296K [0x0000000703400000, 0x0000000800000000)
  region size 2048K, 47 young (96256K), 4 survivors (8192K)
 Metaspace       used 20016K, committed 20352K, reserved 1114112K
  class space    used 2244K, committed 2432K, reserved 1048576K
}
Event: 143.981 GC heap after
{Heap after GC invocations=18 (full 0):
 garbage-first heap   total 348160K, used 237568K [0x0000000703400000, 0x0000000800000000)
  region size 2048K, 6 young (12288K), 6 survivors (12288K)
 Metaspace       used 20016K, committed 20352K, reserved 1114112K
  class space    used 2244K, committed 2432K, reserved 1048576K
}
Event: 155.716 GC heap before
{Heap before GC invocations=18 (full 0):
 garbage-first heap   total 348160K, used 313344K [0x0000000703400000, 0x0000000800000000)
  region size 2048K, 43 young (88064K), 6 survivors (12288K)
 Metaspace       used 20016K, committed 20352K, reserved 1114112K
  class space    used 2244K, committed 2432K, reserved 1048576K
}
Event: 155.731 GC heap after
{Heap after GC invocations=19 (full 0):
 garbage-first heap   total 348160K, used 252175K [0x0000000703400000, 0x0000000800000000)
  region size 2048K, 6 young (12288K), 6 survivors (12288K)
 Metaspace       used 20016K, committed 20352K, reserved 1114112K
  class space    used 2244K, committed 2432K, reserved 1048576K
}
Event: 165.180 GC heap before
{Heap before GC invocations=20 (full 0):
 garbage-first heap   total 407552K, used 305423K [0x0000000703400000, 0x0000000800000000)
  region size 2048K, 35 young (71680K), 6 survivors (12288K)
 Metaspace       used 20017K, committed 20352K, reserved 1114112K
  class space    used 2244K, committed 2432K, reserved 1048576K
}
Event: 165.198 GC heap after
{Heap after GC invocations=21 (full 0):
 garbage-first heap   total 407552K, used 257357K [0x0000000703400000, 0x0000000800000000)
  region size 2048K, 5 young (10240K), 5 survivors (10240K)
 Metaspace       used 20017K, committed 20352K, reserved 1114112K
  class space    used 2244K, committed 2432K, reserved 1048576K
}

Dll operation events (20 events):
Event: 0.387 Loaded shared library C:\Users\lehas\.openjfx\cache\21.0.6+3\amd64\api-ms-win-crt-process-l1-1-0.dll
Event: 0.390 Loaded shared library C:\Users\lehas\.openjfx\cache\21.0.6+3\amd64\api-ms-win-crt-runtime-l1-1-0.dll
Event: 0.393 Loaded shared library C:\Users\lehas\.openjfx\cache\21.0.6+3\amd64\api-ms-win-crt-stdio-l1-1-0.dll
Event: 0.396 Loaded shared library C:\Users\lehas\.openjfx\cache\21.0.6+3\amd64\api-ms-win-crt-string-l1-1-0.dll
Event: 0.400 Loaded shared library C:\Users\lehas\.openjfx\cache\21.0.6+3\amd64\api-ms-win-crt-time-l1-1-0.dll
Event: 0.402 Loaded shared library C:\Users\lehas\.openjfx\cache\21.0.6+3\amd64\api-ms-win-crt-utility-l1-1-0.dll
Event: 0.416 Loaded shared library C:\Users\lehas\.openjfx\cache\21.0.6+3\amd64\ucrtbase.dll
Event: 0.420 Loaded shared library C:\Users\lehas\.openjfx\cache\21.0.6+3\amd64\vcruntime140.dll
Event: 0.423 Loaded shared library C:\Users\lehas\.openjfx\cache\21.0.6+3\amd64\vcruntime140_1.dll
Event: 0.431 Loaded shared library C:\Users\lehas\.openjfx\cache\21.0.6+3\amd64\msvcp140.dll
Event: 0.433 Loaded shared library C:\Users\lehas\.openjfx\cache\21.0.6+3\amd64\msvcp140_1.dll
Event: 0.439 Loaded shared library C:\Users\lehas\.openjfx\cache\21.0.6+3\amd64\msvcp140_2.dll
Event: 0.475 Loaded shared library C:\Users\lehas\.openjfx\cache\21.0.6+3\amd64\prism_d3d.dll
Event: 0.678 Loaded shared library C:\Users\lehas\.openjfx\cache\21.0.6+3\amd64\glass.dll
Event: 0.799 Loaded shared library C:\Users\lehas\.openjfx\cache\21.0.6+3\amd64\javafx_font.dll
Event: 0.865 Loaded shared library C:\Program Files\Java\jdk-21\bin\jimage.dll
Event: 0.996 Loaded shared library C:\Users\lehas\.openjfx\cache\21.0.6+3\amd64\javafx_iio.dll
Event: 1.220 Loaded shared library C:\Users\lehas\.openjfx\cache\21.0.6+3\amd64\glib-lite.dll
Event: 1.235 Loaded shared library C:\Users\lehas\.openjfx\cache\21.0.6+3\amd64\gstreamer-lite.dll
Event: 1.248 Loaded shared library C:\Users\lehas\.openjfx\cache\21.0.6+3\amd64\jfxmedia.dll

Deoptimization events (20 events):
Event: 166.565 Thread 0x0000018d50319250 Uncommon trap: trap_request=0xffffff45 fr.pc=0x0000018d40aa85d4 relative=0x0000000000000974
Event: 166.565 Thread 0x0000018d50319250 Uncommon trap: reason=unstable_if action=reinterpret pc=0x0000018d40aa85d4 method=com.sun.javafx.sg.prism.NGNode.setTransformedBounds(Lcom/sun/javafx/geom/BaseBounds;Z)V @ 19 c2
Event: 166.565 Thread 0x0000018d50319250 DEOPT PACKING pc=0x0000018d40aa85d4 sp=0x00000056aa1fe7e0
Event: 166.565 Thread 0x0000018d50319250 DEOPT UNPACKING pc=0x0000018d400d46a2 sp=0x00000056aa1fe740 mode 2
Event: 166.582 Thread 0x0000018d50319250 Uncommon trap: trap_request=0xffffff45 fr.pc=0x0000018d40ad5530 relative=0x0000000000001290
Event: 166.582 Thread 0x0000018d50319250 Uncommon trap: reason=unstable_if action=reinterpret pc=0x0000018d40ad5530 method=com.sun.javafx.tk.quantum.PaintCollector.removeDirtyScene(Lcom/sun/javafx/tk/quantum/GlassScene;)V @ 83 c2
Event: 166.582 Thread 0x0000018d50319250 DEOPT PACKING pc=0x0000018d40ad5530 sp=0x00000056aa1fe280
Event: 166.582 Thread 0x0000018d50319250 DEOPT UNPACKING pc=0x0000018d400d46a2 sp=0x00000056aa1fe1f8 mode 2
Event: 166.582 Thread 0x0000018d50319250 Uncommon trap: trap_request=0xffffff45 fr.pc=0x0000018d40a85dd4 relative=0x00000000000005d4
Event: 166.582 Thread 0x0000018d50319250 Uncommon trap: reason=unstable_if action=reinterpret pc=0x0000018d40a85dd4 method=com.sun.javafx.tk.quantum.PaintCollector.removeDirtyScene(Lcom/sun/javafx/tk/quantum/GlassScene;)V @ 83 c2
Event: 166.582 Thread 0x0000018d50319250 DEOPT PACKING pc=0x0000018d40a85dd4 sp=0x00000056aa1fe2d0
Event: 166.583 Thread 0x0000018d50319250 DEOPT UNPACKING pc=0x0000018d400d46a2 sp=0x00000056aa1fe2a8 mode 2
Event: 166.583 Thread 0x0000018d50319250 Uncommon trap: trap_request=0xffffff76 fr.pc=0x0000018d409c5ad8 relative=0x00000000000001b8
Event: 166.583 Thread 0x0000018d50319250 Uncommon trap: reason=predicate action=maybe_recompile pc=0x0000018d409c5ad8 method=java.util.ArrayList.remove(Ljava/lang/Object;)Z @ 42 c2
Event: 166.583 Thread 0x0000018d50319250 DEOPT PACKING pc=0x0000018d409c5ad8 sp=0x00000056aa1fe290
Event: 166.583 Thread 0x0000018d50319250 DEOPT UNPACKING pc=0x0000018d400d46a2 sp=0x00000056aa1fe220 mode 2
Event: 169.661 Thread 0x0000018d50319250 Uncommon trap: trap_request=0xffffffbe fr.pc=0x0000018d40c6158c relative=0x000000000000136c
Event: 169.661 Thread 0x0000018d50319250 Uncommon trap: reason=profile_predicate action=maybe_recompile pc=0x0000018d40c6158c method=java.util.concurrent.locks.AbstractQueuedSynchronizer.acquire(Ljava/util/concurrent/locks/AbstractQueuedSynchronizer$Node;IZZZJ)I @ 20 c2
Event: 169.661 Thread 0x0000018d50319250 DEOPT PACKING pc=0x0000018d40c6158c sp=0x00000056aa1fe900
Event: 169.661 Thread 0x0000018d50319250 DEOPT UNPACKING pc=0x0000018d400d46a2 sp=0x00000056aa1fe8b0 mode 2

Classes loaded (20 events):
Event: 3.963 Loading class jdk/internal/icu/text/UTF16
Event: 3.964 Loading class jdk/internal/icu/text/UTF16 done
Event: 3.964 Loading class jdk/internal/icu/text/BidiLine
Event: 3.964 Loading class jdk/internal/icu/text/BidiLine done
Event: 11.636 Loading class java/lang/Byte$ByteCache
Event: 11.636 Loading class java/lang/Byte$ByteCache done
Event: 11.636 Loading class java/lang/Short$ShortCache
Event: 11.636 Loading class java/lang/Short$ShortCache done
Event: 11.645 Loading class java/math/BigDecimal
Event: 11.646 Loading class java/math/BigDecimal done
Event: 11.690 Loading class java/lang/FdLibm$Atan2
Event: 11.690 Loading class java/lang/FdLibm$Atan2 done
Event: 15.183 Loading class java/lang/foreign/MemorySegment
Event: 15.184 Loading class java/lang/foreign/MemorySegment done
Event: 166.952 Loading class java/lang/Throwable$WrappedPrintStream
Event: 166.957 Loading class java/lang/Throwable$PrintStreamOrWriter
Event: 166.960 Loading class java/lang/Throwable$PrintStreamOrWriter done
Event: 166.960 Loading class java/lang/Throwable$WrappedPrintStream done
Event: 166.967 Loading class java/lang/StackTraceElement$HashedModules
Event: 166.968 Loading class java/lang/StackTraceElement$HashedModules done

Classes unloaded (0 events):
No events

Classes redefined (0 events):
No events

Internal exceptions (20 events):
Event: 2.655 Thread 0x0000018d50319250 Exception <a 'java/lang/NoSuchMethodError'{0x0000000712292e28}: 'void java.lang.invoke.Invokers$Holder.invokeExact_MT(java.lang.Object, java.lang.Object, java.lang.Object, java.lang.Object)'> (0x0000000712292e28) 
thrown [s\open\src\hotspot\share\interpreter\linkResolver.cpp, line 773]
Event: 2.655 Thread 0x0000018d50319250 Exception <a 'java/lang/NoSuchMethodError'{0x0000000712297680}: 'void java.lang.invoke.DirectMethodHandle$Holder.invokeSpecial(java.lang.Object, java.lang.Object, int)'> (0x0000000712297680) 
thrown [s\open\src\hotspot\share\interpreter\linkResolver.cpp, line 773]
Event: 2.656 Thread 0x0000018d50319250 Exception <a 'java/lang/NoSuchMethodError'{0x000000071229be28}: 'int java.lang.invoke.DirectMethodHandle$Holder.invokeSpecial(java.lang.Object, java.lang.Object, java.lang.Object, int)'> (0x000000071229be28) 
thrown [s\open\src\hotspot\share\interpreter\linkResolver.cpp, line 773]
Event: 2.656 Thread 0x0000018d50319250 Exception <a 'java/lang/NoSuchMethodError'{0x00000007122a60d8}: 'void java.lang.invoke.DelegatingMethodHandle$Holder.reinvoke_L(java.lang.Object, java.lang.Object, int)'> (0x00000007122a60d8) 
thrown [s\open\src\hotspot\share\interpreter\linkResolver.cpp, line 773]
Event: 2.656 Thread 0x0000018d50319250 Exception <a 'java/lang/NoSuchMethodError'{0x00000007122aa070}: 'int java.lang.invoke.DirectMethodHandle$Holder.invokeSpecial(java.lang.Object, java.lang.Object, java.lang.Object)'> (0x00000007122aa070) 
thrown [s\open\src\hotspot\share\interpreter\linkResolver.cpp, line 773]
Event: 3.888 Thread 0x0000018d50319250 Exception <a 'java/lang/NoSuchMethodError'{0x00000007119e47f8}: 'int java.lang.invoke.DirectMethodHandle$Holder.invokeVirtual(java.lang.Object, java.lang.Object)'> (0x00000007119e47f8) 
thrown [s\open\src\hotspot\share\interpreter\linkResolver.cpp, line 773]
Event: 3.965 Thread 0x0000018d50319f70 Exception <a 'java/lang/NoSuchMethodError'{0x000000071258f760}: 'int java.lang.invoke.DirectMethodHandle$Holder.invokeSpecial(java.lang.Object, java.lang.Object, int)'> (0x000000071258f760) 
thrown [s\open\src\hotspot\share\interpreter\linkResolver.cpp, line 773]
Event: 11.642 Thread 0x0000018d50319250 Exception <a 'java/lang/NoSuchMethodError'{0x000000070f1ff878}: 'java.lang.Object java.lang.invoke.DelegatingMethodHandle$Holder.reinvoke_L(java.lang.Object, double, double, double, double)'> (0x000000070f1ff878) 
thrown [s\open\src\hotspot\share\interpreter\linkResolver.cpp, line 773]
Event: 11.644 Thread 0x0000018d50319250 Exception <a 'java/lang/NoSuchMethodError'{0x000000070ee0a890}: 'java.lang.Object java.lang.invoke.DirectMethodHandle$Holder.invokeStatic(java.lang.Object, java.lang.Object, int)'> (0x000000070ee0a890) 
thrown [s\open\src\hotspot\share\interpreter\linkResolver.cpp, line 773]
Event: 11.644 Thread 0x0000018d50319250 Exception <a 'java/lang/NoSuchMethodError'{0x000000070ee0e478}: 'void java.lang.invoke.DirectMethodHandle$Holder.invokeStatic(java.lang.Object, java.lang.Object, int, java.lang.Object)'> (0x000000070ee0e478) 
thrown [s\open\src\hotspot\share\interpreter\linkResolver.cpp, line 773]
Event: 11.644 Thread 0x0000018d50319250 Exception <a 'java/lang/NoSuchMethodError'{0x000000070ee14f08}: 'void java.lang.invoke.DelegatingMethodHandle$Holder.delegate(java.lang.Object, java.lang.Object, int, java.lang.Object)'> (0x000000070ee14f08) 
thrown [s\open\src\hotspot\share\interpreter\linkResolver.cpp, line 773]
Event: 11.678 Thread 0x0000018d50319f70 Implicit null exception at 0x0000018d4076c0e5 to 0x0000018d4076c170
Event: 22.958 Thread 0x0000018d50319250 Implicit null exception at 0x0000018d409c4c40 to 0x0000018d409c5554
Event: 31.659 Thread 0x0000018d50319250 Implicit null exception at 0x0000018d40a9c1c9 to 0x0000018d40a9d414
Event: 103.485 Thread 0x0000018d50319250 Implicit null exception at 0x0000018d40898ae5 to 0x0000018d4089b584
Event: 121.338 Thread 0x0000018d50319250 Implicit null exception at 0x0000018d406785f4 to 0x0000018d40678724
Event: 143.259 Thread 0x0000018d50319250 Implicit null exception at 0x0000018d40d4b50a to 0x0000018d40d4b810
Event: 166.948 Thread 0x0000018d50319f70 Implicit null exception at 0x0000018d39b1c1cc to 0x0000018d39b1c6db
Event: 166.949 Thread 0x0000018d50319f70 Exception <a 'java/lang/NullPointerException'{0x000000071b90f068}> (0x000000071b90f068) 
thrown [s\open\src\hotspot\share\runtime\sharedRuntime.cpp, line 625]
Event: 169.658 Thread 0x0000018d50319250 Exception <a 'java/io/FileNotFoundException'{0x000000071a38ce78}> (0x000000071a38ce78) 
thrown [s\open\src\hotspot\share\prims\jni.cpp, line 520]

ZGC Phase Switch (0 events):
No events

VM Operations (20 events):
Event: 143.734 Executing VM operation: Cleanup
Event: 143.734 Executing VM operation: Cleanup done
Event: 143.965 Executing VM operation: G1CollectForAllocation (G1 Evacuation Pause)
Event: 143.981 Executing VM operation: G1CollectForAllocation (G1 Evacuation Pause) done
Event: 153.986 Executing VM operation: Cleanup
Event: 153.986 Executing VM operation: Cleanup done
Event: 155.715 Executing VM operation: G1CollectForAllocation (G1 Evacuation Pause)
Event: 155.731 Executing VM operation: G1CollectForAllocation (G1 Evacuation Pause) done
Event: 155.923 Executing VM operation: G1PauseRemark
Event: 155.929 Executing VM operation: G1PauseRemark done
Event: 156.010 Executing VM operation: G1PauseCleanup
Event: 156.010 Executing VM operation: G1PauseCleanup done
Event: 158.010 Executing VM operation: Cleanup
Event: 158.010 Executing VM operation: Cleanup done
Event: 159.010 Executing VM operation: Cleanup
Event: 159.010 Executing VM operation: Cleanup done
Event: 165.180 Executing VM operation: G1CollectForAllocation (G1 Evacuation Pause)
Event: 165.198 Executing VM operation: G1CollectForAllocation (G1 Evacuation Pause) done
Event: 167.198 Executing VM operation: Cleanup
Event: 167.198 Executing VM operation: Cleanup done

Events (20 events):
Event: 155.928 Thread 0x0000018d502f1850 flushing nmethod 0x0000018d39703a10
Event: 155.928 Thread 0x0000018d502f1850 flushing nmethod 0x0000018d39798210
Event: 155.928 Thread 0x0000018d502f1850 flushing nmethod 0x0000018d39798e10
Event: 155.928 Thread 0x0000018d502f1850 flushing nmethod 0x0000018d39799890
Event: 155.928 Thread 0x0000018d502f1850 flushing nmethod 0x0000018d3979b510
Event: 155.928 Thread 0x0000018d502f1850 flushing nmethod 0x0000018d3989c590
Event: 155.928 Thread 0x0000018d502f1850 flushing nmethod 0x0000018d398a7290
Event: 155.928 Thread 0x0000018d502f1850 flushing nmethod 0x0000018d398a8390
Event: 155.928 Thread 0x0000018d502f1850 flushing nmethod 0x0000018d398a9190
Event: 155.928 Thread 0x0000018d502f1850 flushing nmethod 0x0000018d39b35610
Event: 155.928 Thread 0x0000018d502f1850 flushing nmethod 0x0000018d39b56190
Event: 155.928 Thread 0x0000018d502f1850 flushing nmethod 0x0000018d40c7f090
Event: 155.928 Thread 0x0000018d502f1850 flushing nmethod 0x0000018d3901c010
Event: 155.928 Thread 0x0000018d502f1850 flushing nmethod 0x0000018d39746d10
Event: 155.928 Thread 0x0000018d502f1850 flushing nmethod 0x0000018d39848190
Event: 155.928 Thread 0x0000018d502f1850 flushing nmethod 0x0000018d398c2690
Event: 155.928 Thread 0x0000018d502f1850 flushing nmethod 0x0000018d398c3110
Event: 155.928 Thread 0x0000018d502f1850 flushing nmethod 0x0000018d398c3b90
Event: 155.928 Thread 0x0000018d502f1850 flushing nmethod 0x0000018d398c4610
Event: 155.928 Thread 0x0000018d502f1850 flushing nmethod 0x0000018d398c6210


Dynamic libraries:
0x00007ff6f1c00000 - 0x00007ff6f1c10000 	C:\Program Files\Java\jdk-21\bin\java.exe
0x00007ffaad1e0000 - 0x00007ffaad448000 	C:\WINDOWS\SYSTEM32\ntdll.dll
0x00007ffaac6b0000 - 0x00007ffaac779000 	C:\WINDOWS\System32\KERNEL32.DLL
0x00007ffaaa770000 - 0x00007ffaaab62000 	C:\WINDOWS\System32\KERNELBASE.dll
0x00007ffaaa4a0000 - 0x00007ffaaa5eb000 	C:\WINDOWS\System32\ucrtbase.dll
0x00007ffaa5350000 - 0x00007ffaa536b000 	C:\Program Files\Java\jdk-21\bin\VCRUNTIME140.dll
0x00007ffaa5370000 - 0x00007ffaa5389000 	C:\Program Files\Java\jdk-21\bin\jli.dll
0x00007ffaabb80000 - 0x00007ffaabc34000 	C:\WINDOWS\System32\ADVAPI32.dll
0x00007ffaac9a0000 - 0x00007ffaaca49000 	C:\WINDOWS\System32\msvcrt.dll
0x00007ffaad030000 - 0x00007ffaad0d6000 	C:\WINDOWS\System32\sechost.dll
0x00007ffaac880000 - 0x00007ffaac998000 	C:\WINDOWS\System32\RPCRT4.dll
0x00007ffaabc60000 - 0x00007ffaabe25000 	C:\WINDOWS\System32\USER32.dll
0x00007ffaaacd0000 - 0x00007ffaaacf7000 	C:\WINDOWS\System32\win32u.dll
0x00007ffa85e50000 - 0x00007ffa860e3000 	C:\WINDOWS\WinSxS\amd64_microsoft.windows.common-controls_6595b64144ccf1df_6.0.26100.6899_none_3e0efeeae32e88c1\COMCTL32.dll
0x00007ffaabea0000 - 0x00007ffaabecb000 	C:\WINDOWS\System32\GDI32.dll
0x00007ffaaa370000 - 0x00007ffaaa49d000 	C:\WINDOWS\System32\gdi32full.dll
0x00007ffaaad00000 - 0x00007ffaaada3000 	C:\WINDOWS\System32\msvcp_win.dll
0x00007ffaa29f0000 - 0x00007ffaa29fb000 	C:\WINDOWS\SYSTEM32\VERSION.dll
0x00007ffaacf20000 - 0x00007ffaacf4f000 	C:\WINDOWS\System32\IMM32.DLL
0x00007ffaa5340000 - 0x00007ffaa534c000 	C:\Program Files\Java\jdk-21\bin\vcruntime140_1.dll
0x00007ffa7f7d0000 - 0x00007ffa7f85e000 	C:\Program Files\Java\jdk-21\bin\msvcp140.dll
0x00007ffa78310000 - 0x00007ffa7902a000 	C:\Program Files\Java\jdk-21\bin\server\jvm.dll
0x00007ffaaca50000 - 0x00007ffaacac4000 	C:\WINDOWS\System32\WS2_32.dll
0x00007ffaaa1d0000 - 0x00007ffaaa22e000 	C:\WINDOWS\SYSTEM32\POWRPROF.dll
0x00007ffa973d0000 - 0x00007ffa97405000 	C:\WINDOWS\SYSTEM32\WINMM.dll
0x00007ffaaa1b0000 - 0x00007ffaaa1c4000 	C:\WINDOWS\SYSTEM32\UMPDC.dll
0x00007ffaa9110000 - 0x00007ffaa912b000 	C:\WINDOWS\SYSTEM32\kernel.appcore.dll
0x00007ffaa5330000 - 0x00007ffaa533a000 	C:\Program Files\Java\jdk-21\bin\jimage.dll
0x00007ffa94fb0000 - 0x00007ffa951f2000 	C:\WINDOWS\SYSTEM32\DBGHELP.DLL
0x00007ffaab0d0000 - 0x00007ffaab44b000 	C:\WINDOWS\System32\combase.dll
0x00007ffaab8e0000 - 0x00007ffaab9b7000 	C:\WINDOWS\System32\OLEAUT32.dll
0x00007ffa92190000 - 0x00007ffa921cc000 	C:\WINDOWS\SYSTEM32\dbgcore.DLL
0x00007ffaaac30000 - 0x00007ffaaacc8000 	C:\WINDOWS\System32\bcryptPrimitives.dll
0x00007ffaa36b0000 - 0x00007ffaa36bf000 	C:\Program Files\Java\jdk-21\bin\instrument.dll
0x00007ffaa5310000 - 0x00007ffaa532f000 	C:\Program Files\Java\jdk-21\bin\java.dll
0x00007ffaabf60000 - 0x00007ffaac6ad000 	C:\WINDOWS\System32\SHELL32.dll
0x00007ffaaae40000 - 0x00007ffaaafab000 	C:\WINDOWS\System32\wintypes.dll
0x00007ffaa7fa0000 - 0x00007ffaa87fd000 	C:\WINDOWS\SYSTEM32\windows.storage.dll
0x00007ffaac780000 - 0x00007ffaac872000 	C:\WINDOWS\System32\SHCORE.dll
0x00007ffaabe30000 - 0x00007ffaabe92000 	C:\WINDOWS\System32\shlwapi.dll
0x00007ffaaa290000 - 0x00007ffaaa2b9000 	C:\WINDOWS\SYSTEM32\profapi.dll
0x00007ffa7f330000 - 0x00007ffa7f407000 	C:\Program Files\Java\jdk-21\bin\jsvml.dll
0x00007ffaa52f0000 - 0x00007ffaa5300000 	C:\Program Files\Java\jdk-21\bin\net.dll
0x00007ffaa2800000 - 0x00007ffaa291f000 	C:\WINDOWS\SYSTEM32\WINHTTP.dll
0x00007ffaa96b0000 - 0x00007ffaa971b000 	C:\WINDOWS\system32\mswsock.dll
0x00007ffaa3c60000 - 0x00007ffaa3c76000 	C:\Program Files\Java\jdk-21\bin\nio.dll
0x00007ffaa3680000 - 0x00007ffaa3698000 	C:\Program Files\Java\jdk-21\bin\zip.dll
0x0000018d30710000 - 0x0000018d30713000 	C:\Users\lehas\.openjfx\cache\21.0.6+3\amd64\api-ms-win-core-console-l1-1-0.dll
0x0000018d30720000 - 0x0000018d30723000 	C:\Users\lehas\.openjfx\cache\21.0.6+3\amd64\api-ms-win-core-console-l1-2-0.dll
0x0000018d30730000 - 0x0000018d30733000 	C:\Users\lehas\.openjfx\cache\21.0.6+3\amd64\api-ms-win-core-datetime-l1-1-0.dll
0x0000018d30740000 - 0x0000018d30743000 	C:\Users\lehas\.openjfx\cache\21.0.6+3\amd64\api-ms-win-core-debug-l1-1-0.dll
0x0000018d30750000 - 0x0000018d30753000 	C:\Users\lehas\.openjfx\cache\21.0.6+3\amd64\api-ms-win-core-errorhandling-l1-1-0.dll
0x0000018d30760000 - 0x0000018d30764000 	C:\Users\lehas\.openjfx\cache\21.0.6+3\amd64\api-ms-win-core-file-l1-1-0.dll
0x0000018d50860000 - 0x0000018d50863000 	C:\Users\lehas\.openjfx\cache\21.0.6+3\amd64\api-ms-win-core-file-l1-2-0.dll
0x0000018d50870000 - 0x0000018d50873000 	C:\Users\lehas\.openjfx\cache\21.0.6+3\amd64\api-ms-win-core-file-l2-1-0.dll
0x0000018d50880000 - 0x0000018d50883000 	C:\Users\lehas\.openjfx\cache\21.0.6+3\amd64\api-ms-win-core-handle-l1-1-0.dll
0x0000018d50890000 - 0x0000018d50893000 	C:\Users\lehas\.openjfx\cache\21.0.6+3\amd64\api-ms-win-core-heap-l1-1-0.dll
0x0000018d508a0000 - 0x0000018d508a3000 	C:\Users\lehas\.openjfx\cache\21.0.6+3\amd64\api-ms-win-core-interlocked-l1-1-0.dll
0x0000018d508b0000 - 0x0000018d508b3000 	C:\Users\lehas\.openjfx\cache\21.0.6+3\amd64\api-ms-win-core-libraryloader-l1-1-0.dll
0x0000018d508c0000 - 0x0000018d508c3000 	C:\Users\lehas\.openjfx\cache\21.0.6+3\amd64\api-ms-win-core-localization-l1-2-0.dll
0x0000018d508d0000 - 0x0000018d508d3000 	C:\Users\lehas\.openjfx\cache\21.0.6+3\amd64\api-ms-win-core-memory-l1-1-0.dll
0x0000018d508e0000 - 0x0000018d508e3000 	C:\Users\lehas\.openjfx\cache\21.0.6+3\amd64\api-ms-win-core-namedpipe-l1-1-0.dll
0x0000018d508f0000 - 0x0000018d508f3000 	C:\Users\lehas\.openjfx\cache\21.0.6+3\amd64\api-ms-win-core-processenvironment-l1-1-0.dll
0x0000018d50900000 - 0x0000018d50903000 	C:\Users\lehas\.openjfx\cache\21.0.6+3\amd64\api-ms-win-core-processthreads-l1-1-0.dll
0x0000018d50910000 - 0x0000018d50913000 	C:\Users\lehas\.openjfx\cache\21.0.6+3\amd64\api-ms-win-core-processthreads-l1-1-1.dll
0x0000018d50920000 - 0x0000018d50923000 	C:\Users\lehas\.openjfx\cache\21.0.6+3\amd64\api-ms-win-core-profile-l1-1-0.dll
0x0000018d50930000 - 0x0000018d50933000 	C:\Users\lehas\.openjfx\cache\21.0.6+3\amd64\api-ms-win-core-rtlsupport-l1-1-0.dll
0x0000018d50940000 - 0x0000018d50943000 	C:\Users\lehas\.openjfx\cache\21.0.6+3\amd64\api-ms-win-core-string-l1-1-0.dll
0x0000018d50950000 - 0x0000018d50953000 	C:\Users\lehas\.openjfx\cache\21.0.6+3\amd64\api-ms-win-core-synch-l1-1-0.dll
0x0000018d50960000 - 0x0000018d50963000 	C:\Users\lehas\.openjfx\cache\21.0.6+3\amd64\api-ms-win-core-synch-l1-2-0.dll
0x0000018d50970000 - 0x0000018d50973000 	C:\Users\lehas\.openjfx\cache\21.0.6+3\amd64\api-ms-win-core-sysinfo-l1-1-0.dll
0x0000018d50980000 - 0x0000018d50983000 	C:\Users\lehas\.openjfx\cache\21.0.6+3\amd64\api-ms-win-core-timezone-l1-1-0.dll
0x0000018d50990000 - 0x0000018d50993000 	C:\Users\lehas\.openjfx\cache\21.0.6+3\amd64\api-ms-win-core-util-l1-1-0.dll
0x0000018d509a0000 - 0x0000018d509a3000 	C:\Users\lehas\.openjfx\cache\21.0.6+3\amd64\api-ms-win-crt-conio-l1-1-0.dll
0x0000018d509b0000 - 0x0000018d509b4000 	C:\Users\lehas\.openjfx\cache\21.0.6+3\amd64\api-ms-win-crt-convert-l1-1-0.dll
0x0000018d509c0000 - 0x0000018d509c3000 	C:\Users\lehas\.openjfx\cache\21.0.6+3\amd64\api-ms-win-crt-environment-l1-1-0.dll
0x0000018d509d0000 - 0x0000018d509d3000 	C:\Users\lehas\.openjfx\cache\21.0.6+3\amd64\api-ms-win-crt-filesystem-l1-1-0.dll
0x0000018d509e0000 - 0x0000018d509e3000 	C:\Users\lehas\.openjfx\cache\21.0.6+3\amd64\api-ms-win-crt-heap-l1-1-0.dll
0x0000018d509f0000 - 0x0000018d509f3000 	C:\Users\lehas\.openjfx\cache\21.0.6+3\amd64\api-ms-win-crt-locale-l1-1-0.dll
0x0000018d50a00000 - 0x0000018d50a05000 	C:\Users\lehas\.openjfx\cache\21.0.6+3\amd64\api-ms-win-crt-math-l1-1-0.dll
0x0000018d50a10000 - 0x0000018d50a15000 	C:\Users\lehas\.openjfx\cache\21.0.6+3\amd64\api-ms-win-crt-multibyte-l1-1-0.dll
0x0000018d50a20000 - 0x0000018d50a30000 	C:\Users\lehas\.openjfx\cache\21.0.6+3\amd64\api-ms-win-crt-private-l1-1-0.dll
0x0000018d50a30000 - 0x0000018d50a33000 	C:\Users\lehas\.openjfx\cache\21.0.6+3\amd64\api-ms-win-crt-process-l1-1-0.dll
0x0000018d50a40000 - 0x0000018d50a44000 	C:\Users\lehas\.openjfx\cache\21.0.6+3\amd64\api-ms-win-crt-runtime-l1-1-0.dll
0x0000018d50a50000 - 0x0000018d50a54000 	C:\Users\lehas\.openjfx\cache\21.0.6+3\amd64\api-ms-win-crt-stdio-l1-1-0.dll
0x0000018d50a60000 - 0x0000018d50a64000 	C:\Users\lehas\.openjfx\cache\21.0.6+3\amd64\api-ms-win-crt-string-l1-1-0.dll
0x0000018d50a70000 - 0x0000018d50a73000 	C:\Users\lehas\.openjfx\cache\21.0.6+3\amd64\api-ms-win-crt-time-l1-1-0.dll
0x0000018d50a80000 - 0x0000018d50a83000 	C:\Users\lehas\.openjfx\cache\21.0.6+3\amd64\api-ms-win-crt-utility-l1-1-0.dll
0x00007ffa8e920000 - 0x00007ffa8ea1c000 	C:\Users\lehas\.openjfx\cache\21.0.6+3\amd64\ucrtbase.dll
0x00007ffa8e900000 - 0x00007ffa8e91b000 	C:\Users\lehas\.openjfx\cache\21.0.6+3\amd64\vcruntime140.dll
0x00007ffaa35c0000 - 0x00007ffaa35cc000 	C:\Users\lehas\.openjfx\cache\21.0.6+3\amd64\vcruntime140_1.dll
0x00007ffa78280000 - 0x00007ffa7830e000 	C:\Users\lehas\.openjfx\cache\21.0.6+3\amd64\msvcp140.dll
0x00007ffa986f0000 - 0x00007ffa986f9000 	C:\Users\lehas\.openjfx\cache\21.0.6+3\amd64\msvcp140_1.dll
0x00007ffa79b20000 - 0x00007ffa79b61000 	C:\Users\lehas\.openjfx\cache\21.0.6+3\amd64\msvcp140_2.dll
0x00007ffa83ae0000 - 0x00007ffa83b10000 	C:\Users\lehas\.openjfx\cache\21.0.6+3\amd64\prism_d3d.dll
0x00007ffa0e010000 - 0x00007ffa0e1c0000 	C:\WINDOWS\system32\d3d9.dll
0x00007ffaa7920000 - 0x00007ffaa794d000 	C:\WINDOWS\SYSTEM32\dwmapi.dll
0x00007ffaa7770000 - 0x00007ffaa77b4000 	C:\WINDOWS\SYSTEM32\dxcore.dll
0x00007ffaa7690000 - 0x00007ffaa773a000 	C:\WINDOWS\system32\uxtheme.dll
0x00007ff9ffb90000 - 0x00007ff9ffd32000 	C:\WINDOWS\System32\DriverStore\FileRepository\iigd_dch.inf_amd64_4ae66f8a827f1834\igdumdim64.dll
0x00007ffaacd60000 - 0x00007ffaacef8000 	C:\WINDOWS\System32\ole32.dll
0x00007ff9fbf80000 - 0x00007ff9ffb90000 	C:\WINDOWS\System32\DriverStore\FileRepository\iigd_dch.inf_amd64_4ae66f8a827f1834\igd9dxva64.dll
0x00007ffaab450000 - 0x00007ffaab8d8000 	C:\WINDOWS\System32\SETUPAPI.dll
0x00007ffaa9ef0000 - 0x00007ffaa9f47000 	C:\WINDOWS\SYSTEM32\cfgmgr32.dll
0x00007ffa9d9f0000 - 0x00007ffa9ddb7000 	C:\WINDOWS\System32\DriverStore\FileRepository\iigd_dch.inf_amd64_4ae66f8a827f1834\igdgmm64.dll
0x00007ffaa49a0000 - 0x00007ffaa4a03000 	C:\WINDOWS\SYSTEM32\directxdatabasehelper.dll
0x00007ffa78230000 - 0x00007ffa78272000 	C:\Users\lehas\.openjfx\cache\21.0.6+3\amd64\glass.dll
0x00007ffaaafc0000 - 0x00007ffaab0b3000 	C:\WINDOWS\System32\COMDLG32.dll
0x00007ffa3cc40000 - 0x00007ffa3cd73000 	C:\ProgramData\A-Volute\A-Volute.Nahimic\Modules\Scheduled\x64\AudioDevProps2.dll
0x00007ffaab9c0000 - 0x00007ffaabb1b000 	C:\WINDOWS\System32\MSCTF.dll
0x00007ffa96b00000 - 0x00007ffa96b27000 	C:\WINDOWS\System32\DriverStore\FileRepository\iigd_dch.inf_amd64_4ae66f8a827f1834\igdinfo64.dll
0x00007ffa99c80000 - 0x00007ffa9d232000 	C:\WINDOWS\System32\DriverStore\FileRepository\iigd_dch.inf_amd64_4ae66f8a827f1834\igc64.dll
0x00007ffa8a5e0000 - 0x00007ffa8a5f5000 	C:\Users\lehas\.openjfx\cache\21.0.6+3\amd64\javafx_font.dll
0x00007ffaa6020000 - 0x00007ffaa6287000 	C:\WINDOWS\SYSTEM32\dwrite.dll
0x00007ffaa9970000 - 0x00007ffaa998b000 	C:\WINDOWS\SYSTEM32\CRYPTSP.dll
0x00007ffaa9070000 - 0x00007ffaa90ab000 	C:\WINDOWS\system32\rsaenh.dll
0x00007ffaa9750000 - 0x00007ffaa977b000 	C:\WINDOWS\SYSTEM32\USERENV.dll
0x00007ffaaa260000 - 0x00007ffaaa286000 	C:\WINDOWS\SYSTEM32\bcrypt.dll
0x00007ffaa9960000 - 0x00007ffaa996c000 	C:\WINDOWS\SYSTEM32\CRYPTBASE.dll
0x00007ffaa8b50000 - 0x00007ffaa8b84000 	C:\WINDOWS\SYSTEM32\IPHLPAPI.DLL
0x0000018d50ba0000 - 0x0000018d50baa000 	C:\WINDOWS\System32\NSI.dll
0x00007ffa7e520000 - 0x00007ffa7e54d000 	C:\Users\lehas\.openjfx\cache\21.0.6+3\amd64\javafx_iio.dll
0x00007ffa77e00000 - 0x00007ffa77ea0000 	C:\Users\lehas\.openjfx\cache\21.0.6+3\amd64\glib-lite.dll
0x00007ffa77d00000 - 0x00007ffa77df7000 	C:\Users\lehas\.openjfx\cache\21.0.6+3\amd64\gstreamer-lite.dll
0x00007ffa72140000 - 0x00007ffa721d4000 	C:\WINDOWS\SYSTEM32\DSOUND.dll
0x00007ffa90a50000 - 0x00007ffa90a81000 	C:\WINDOWS\SYSTEM32\winmmbase.dll
0x00007ffa68c20000 - 0x00007ffa68cd1000 	C:\WINDOWS\SYSTEM32\ResampleDmo.DLL
0x00007ffaa1d00000 - 0x00007ffaa1d0e000 	C:\WINDOWS\SYSTEM32\msdmo.dll

dbghelp: loaded successfully - version: 4.0.5 - missing functions: none
symbol engine: initialized successfully - sym options: 0x614 - pdb path: .;C:\Program Files\Java\jdk-21\bin;C:\WINDOWS\SYSTEM32;C:\WINDOWS\WinSxS\amd64_microsoft.windows.common-controls_6595b64144ccf1df_6.0.26100.6899_none_3e0efeeae32e88c1;C:\Program Files\Java\jdk-21\bin\server;C:\Users\lehas\.openjfx\cache\21.0.6+3\amd64;C:\WINDOWS\System32\DriverStore\FileRepository\iigd_dch.inf_amd64_4ae66f8a827f1834;C:\ProgramData\A-Volute\A-Volute.Nahimic\Modules\Scheduled\x64;C:\Program Files\Common Files\Microsoft Shared\Ink

VM Arguments:
jvm_args: -javaagent:S:\Program\IntelliJ IDEA 2025.2.3\lib\idea_rt.jar=63688 -Dfile.encoding=UTF-8 -Dsun.stdout.encoding=UTF-8 -Dsun.stderr.encoding=UTF-8 --module-path=C:\Users\lehas\.m2\repository\org\openjfx\javafx-fxml\21.0.6\javafx-fxml-21.0.6-win.jar;C:\Users\lehas\.m2\repository\org\openjfx\javafx-base\21.0.6\javafx-base-21.0.6-win.jar;C:\Users\lehas\IdeaProjects\haha\demo2\target\classes;C:\Users\lehas\.m2\repository\org\openjfx\javafx-controls\21.0.6\javafx-controls-21.0.6-win.jar;C:\Users\lehas\.m2\repository\org\openjfx\javafx-media\21.0.6\javafx-media-21.0.6-win.jar;C:\Users\lehas\.m2\repository\org\openjfx\javafx-graphics\21.0.6\javafx-graphics-21.0.6-win.jar -Djdk.module.main=org.example.demo2 
java_command: org.example.demo2/org.example.demo2.GameView
java_class_path (initial): C:\Users\lehas\.m2\repository\org\openjfx\javafx-controls\21.0.6\javafx-controls-21.0.6.jar;C:\Users\lehas\.m2\repository\org\openjfx\javafx-graphics\21.0.6\javafx-graphics-21.0.6.jar;C:\Users\lehas\.m2\repository\org\openjfx\javafx-base\21.0.6\javafx-base-21.0.6.jar;C:\Users\lehas\.m2\repository\org\openjfx\javafx-fxml\21.0.6\javafx-fxml-21.0.6.jar;C:\Users\lehas\.m2\repository\org\openjfx\javafx-media\21.0.6\javafx-media-21.0.6.jar;C:\Users\lehas\.m2\repository\org\jetbrains\annotations\26.0.2\annotations-26.0.2.jar
Launcher Type: SUN_STANDARD

[Global flags]
     intx CICompilerCount                          = 4                                         {product} {ergonomic}
     uint ConcGCThreads                            = 3                                         {product} {ergonomic}
     uint G1ConcRefinementThreads                  = 10                                        {product} {ergonomic}
   size_t G1HeapRegionSize                         = 2097152                                   {product} {ergonomic}
    uintx GCDrainStackTargetSize                   = 64                                        {product} {ergonomic}
   size_t InitialHeapSize                          = 266338304                                 {product} {ergonomic}
   size_t MarkStackSize                            = 4194304                                   {product} {ergonomic}
   size_t MaxHeapSize                              = 4240441344                                {product} {ergonomic}
   size_t MaxNewSize                               = 2543845376                                {product} {ergonomic}
   size_t MinHeapDeltaBytes                        = 2097152                                   {product} {ergonomic}
   size_t MinHeapSize                              = 8388608                                   {product} {ergonomic}
    uintx NonNMethodCodeHeapSize                   = 5839372                                {pd product} {ergonomic}
    uintx NonProfiledCodeHeapSize                  = 122909434                              {pd product} {ergonomic}
    uintx ProfiledCodeHeapSize                     = 122909434                              {pd product} {ergonomic}
    uintx ReservedCodeCacheSize                    = 251658240                              {pd product} {ergonomic}
     bool SegmentedCodeCache                       = true                                      {product} {ergonomic}
   size_t SoftMaxHeapSize                          = 4240441344                             {manageable} {ergonomic}
     bool UseCompressedOops                        = true                           {product lp64_product} {ergonomic}
     bool UseG1GC                                  = true                                      {product} {ergonomic}
     bool UseLargePagesIndividualAllocation        = false                                  {pd product} {ergonomic}

Logging:
Log output configuration:
 #0: stdout all=warning uptime,level,tags foldmultilines=false
 #1: stderr all=off uptime,level,tags foldmultilines=false

Environment Variables:
PATH=C:\Program Files\Common Files\Oracle\Java\javapath;S:\Program Files\Scripts\;S:\Program Files\;C:\WINDOWS\system32;C:\WINDOWS;C:\WINDOWS\System32\Wbem;C:\WINDOWS\System32\WindowsPowerShell\v1.0\;C:\WINDOWS\System32\OpenSSH\;C:\Program Files (x86)\NVIDIA Corporation\PhysX\Common;C:\Program Files\NVIDIA Corporation\NVIDIA app\NvDLISR;S:\Program\Git\cmd;C:\Program Files\Cloudflare\Cloudflare WARP\;C:\Program Files\Common Files\Oracle\Java\javapath;S:\Program Files\Scripts\;S:\Program Files\;C:\WINDOWS\system32;C:\WINDOWS;C:\WINDOWS\System32\Wbem;C:\WINDOWS\System32\WindowsPowerShell\v1.0\;C:\WINDOWS\System32\OpenSSH\;C:\Program Files (x86)\NVIDIA Corporation\PhysX\Common;C:\Program Files\NVIDIA Corporation\NVIDIA app\NvDLISR;S:\Program\Git\cmd;C:\Program Files (x86)\Windows Kits\10\Windows Performance Toolkit\;C:\Program Files\Cloudflare\Cloudflare WARP\;C:\Program Files\MySQL\MySQL Shell 8.0\bin\;C:\Users\lehas\scoop\shims;C:\Users\lehas\AppData\Local\Microsoft\WindowsApps;C:\Code\ucrt64\bin;C:\ProgramData\lehas\GitHubDesktop\bin;C:\Users\lehas\AppData\Local\GitHubDesktop\bin;C:\Users\lehas\AppData\Local\Programs\Microsoft VS Code\bin;S:\Program\cursor\resources\app\bin;C:\Users\lehas\.lmstudio\bin;C:\Program Files (x86)\Intel\oneAPI\mpi\latest\bin;S:\Program\IntelliJ IDEA 2025.2.3\bin
USERNAME=lehas
OS=Windows_NT
PROCESSOR_IDENTIFIER=Intel64 Family 6 Model 165 Stepping 2, GenuineIntel
TMP=C:\Users\lehas\AppData\Local\Temp
TEMP=C:\Users\lehas\AppData\Local\Temp




Periodic native trim disabled

---------------  S Y S T E M  ---------------

OS:
 Windows 11 , 64 bit Build 26100 (10.0.26100.6725)
OS uptime: 0 days 0:44 hours
Hyper-V role detected

CPU: total 12 (initial active 12) (6 cores per cpu, 2 threads per core) family 6 model 165 stepping 2 microcode 0xe0, cx8, cmov, fxsr, ht, mmx, 3dnowpref, sse, sse2, sse3, ssse3, sse4.1, sse4.2, popcnt, lzcnt, tsc, tscinvbit, avx, avx2, aes, erms, clmul, bmi1, bmi2, adx, fma, vzeroupper, clflush, clflushopt, hv, rdtscp, f16c
Processor Information for all 12 processors :
  Max Mhz: 2496, Current Mhz: 2496, Mhz Limit: 2496

Memory: 4k page, system-wide physical 16173M (657M free)
TotalPageFile size 28926M (AvailPageFile size 3M)
current process WorkingSet (physical memory assigned to process): 3337M, peak: 5458M
current process commit charge ("private bytes"): 8380M, peak: 8384M

vm_info: Java HotSpot(TM) 64-Bit Server VM (21.0.7+8-LTS-245) for windows-amd64 JRE (21.0.7+8-LTS-245), built on 2025-02-21T05:11:27Z by "mach5one" with MS VC++ 17.6 (VS2022)

END.
